Archive member included to satisfy reference by file (symbol)

C:\TrainDepotSource\Controller\TrainController\ArduinoCore\Debug\libArduinoCore.a(cortex_handlers.o)
                              (Reset_Handler)
C:\TrainDepotSource\Controller\TrainController\ArduinoCore\Debug\libArduinoCore.a(delay.o)
                              C:\TrainDepotSource\Controller\TrainController\ArduinoCore\Debug\libArduinoCore.a(cortex_handlers.o) (SysTick_DefaultHandler)
C:\TrainDepotSource\Controller\TrainController\ArduinoCore\Debug\libArduinoCore.a(hooks.o)
                              C:\TrainDepotSource\Controller\TrainController\ArduinoCore\Debug\libArduinoCore.a(delay.o) (yield)
C:\TrainDepotSource\Controller\TrainController\ArduinoCore\Debug\libArduinoCore.a(main.o)
                              c:/program files (x86)/atmel/studio/7.0/toolchain/arm/arm-gnu-toolchain/bin/../lib/gcc/arm-none-eabi/5.3.1/../../../../arm-none-eabi/lib/armv6-m/crt0.o (main)
C:\TrainDepotSource\Controller\TrainController\ArduinoCore\Debug\libArduinoCore.a(Reset.o)
                              C:\TrainDepotSource\Controller\TrainController\ArduinoCore\Debug\libArduinoCore.a(delay.o) (tickReset)
C:\TrainDepotSource\Controller\TrainController\ArduinoCore\Debug\libArduinoCore.a(startup.o)
                              C:\TrainDepotSource\Controller\TrainController\ArduinoCore\Debug\libArduinoCore.a(cortex_handlers.o) (SystemInit)
C:\TrainDepotSource\Controller\TrainController\ArduinoCore\Debug\libArduinoCore.a(CDC.o)
                              Sketch.o (Serial_::available())
C:\TrainDepotSource\Controller\TrainController\ArduinoCore\Debug\libArduinoCore.a(USBCore.o)
                              C:\TrainDepotSource\Controller\TrainController\ArduinoCore\Debug\libArduinoCore.a(main.o) (USBDeviceClass::init())
C:\TrainDepotSource\Controller\TrainController\ArduinoCore\Debug\libArduinoCore.a(wiring.o)
                              C:\TrainDepotSource\Controller\TrainController\ArduinoCore\Debug\libArduinoCore.a(main.o) (init)
C:\TrainDepotSource\Controller\TrainController\ArduinoCore\Debug\libArduinoCore.a(wiring_analog.o)
                              C:\TrainDepotSource\Controller\TrainController\ArduinoCore\Debug\libArduinoCore.a(wiring.o) (analogReference)
C:\TrainDepotSource\Controller\TrainController\ArduinoCore\Debug\libArduinoCore.a(wiring_digital.o)
                              C:\TrainDepotSource\Controller\TrainController\ArduinoCore\Debug\libArduinoCore.a(USBCore.o) (pinMode)
C:\TrainDepotSource\Controller\TrainController\ArduinoCore\Debug\libArduinoCore.a(wiring_private.o)
                              C:\TrainDepotSource\Controller\TrainController\ArduinoCore\Debug\libArduinoCore.a(wiring_analog.o) (pinPeripheral)
C:\TrainDepotSource\Controller\TrainController\ArduinoCore\Debug\libArduinoCore.a(variant.o)
                              C:\TrainDepotSource\Controller\TrainController\ArduinoCore\Debug\libArduinoCore.a(wiring_analog.o) (g_apTCInstances)
C:\TrainDepotSource\Controller\TrainController\ArduinoCore\Debug\libArduinoCore.a(new.o)
                              C:\TrainDepotSource\Controller\TrainController\ArduinoCore\Debug\libArduinoCore.a(USBCore.o) (operator new(unsigned int))
C:\TrainDepotSource\Controller\TrainController\ArduinoCore\Debug\libArduinoCore.a(SERCOM.o)
                              C:\TrainDepotSource\Controller\TrainController\ArduinoCore\Debug\libArduinoCore.a(variant.o) (SERCOM::SERCOM(Sercom*))
C:\TrainDepotSource\Controller\TrainController\ArduinoCore\Debug\libArduinoCore.a(Uart.o)
                              C:\TrainDepotSource\Controller\TrainController\ArduinoCore\Debug\libArduinoCore.a(variant.o) (Uart::Uart(SERCOM*, unsigned char, unsigned char, SercomRXPad, SercomUartTXPad))
C:\TrainDepotSource\Controller\TrainController\ArduinoCore\Debug\libArduinoCore.a(PluggableUSB.o)
                              C:\TrainDepotSource\Controller\TrainController\ArduinoCore\Debug\libArduinoCore.a(USBCore.o) (PluggableUSB_::getInterface(unsigned char*))
C:\TrainDepotSource\Controller\TrainController\ArduinoCore\Debug\libArduinoCore.a(Print.o)
                              C:\TrainDepotSource\Controller\TrainController\ArduinoCore\Debug\libArduinoCore.a(Uart.o) (Print::write(unsigned char const*, unsigned int))
C:\TrainDepotSource\Controller\TrainController\ArduinoCore\Debug\libArduinoCore.a(RingBuffer.o)
                              C:\TrainDepotSource\Controller\TrainController\ArduinoCore\Debug\libArduinoCore.a(Uart.o) (RingBuffer::RingBuffer())
C:\TrainDepotSource\Controller\TrainController\ArduinoCore\Debug\libArduinoCore.a(abi.o)
                              C:\TrainDepotSource\Controller\TrainController\ArduinoCore\Debug\libArduinoCore.a(Print.o) (__cxa_pure_virtual)
c:/program files (x86)/atmel/studio/7.0/toolchain/arm/arm-gnu-toolchain/bin/../lib/gcc/arm-none-eabi/5.3.1/armv6-m\libgcc.a(_thumb1_case_uqi.o)
[...]
Memory Configuration

Name             Origin             Length             Attributes
FLASH            0x00000000         0x00040000         xr
RAM              0x20000000         0x00008000         xrw
*default*        0x00000000         0xffffffff

Linker script and memory map

LOAD c:/program files (x86)/atmel/studio/7.0/toolchain/arm/arm-gnu-toolchain/bin/../lib/gcc/arm-none-eabi/5.3.1/armv6-m/crti.o
LOAD c:/program files (x86)/atmel/studio/7.0/toolchain/arm/arm-gnu-toolchain/bin/../lib/gcc/arm-none-eabi/5.3.1/armv6-m/crtbegin.o
LOAD c:/program files (x86)/atmel/studio/7.0/toolchain/arm/arm-gnu-toolchain/bin/../lib/gcc/arm-none-eabi/5.3.1/../../../../arm-none-eabi/lib/armv6-m/crt0.o
LOAD Sketch.o
START GROUP
LOAD C:\TrainDepotSource\Controller\TrainController\ArduinoCore\Debug\libArduinoCore.a
END GROUP
LOAD c:/program files (x86)/atmel/studio/7.0/toolchain/arm/arm-gnu-toolchain/bin/../lib/gcc/arm-none-eabi/5.3.1/../../../../arm-none-eabi/lib/armv6-m\libstdc++_nano.a
LOAD c:/program files (x86)/atmel/studio/7.0/toolchain/arm/arm-gnu-toolchain/bin/../lib/gcc/arm-none-eabi/5.3.1/../../../../arm-none-eabi/lib/armv6-m\libm.a
START GROUP
LOAD c:/program files (x86)/atmel/studio/7.0/toolchain/arm/arm-gnu-toolchain/bin/../lib/gcc/arm-none-eabi/5.3.1/armv6-m\libgcc.a
LOAD c:/program files (x86)/atmel/studio/7.0/toolchain/arm/arm-gnu-toolchain/bin/../lib/gcc/arm-none-eabi/5.3.1/../../../../arm-none-eabi/lib/armv6-m\libc_nano.a
END GROUP
START GROUP
LOAD c:/program files (x86)/atmel/studio/7.0/toolchain/arm/arm-gnu-toolchain/bin/../lib/gcc/arm-none-eabi/5.3.1/armv6-m\libgcc.a
LOAD c:/program files (x86)/atmel/studio/7.0/toolchain/arm/arm-gnu-toolchain/bin/../lib/gcc/arm-none-eabi/5.3.1/../../../../arm-none-eabi/lib/armv6-m\libc_nano.a
LOAD c:/program files (x86)/atmel/studio/7.0/toolchain/arm/arm-gnu-toolchain/bin/../lib/gcc/arm-none-eabi/5.3.1/../../../../arm-none-eabi/lib/armv6-m\libnosys.a
END GROUP
START GROUP
LOAD c:/program files (x86)/atmel/studio/7.0/toolchain/arm/arm-gnu-toolchain/bin/../lib/gcc/arm-none-eabi/5.3.1/armv6-m\libgcc.a
LOAD c:/program files (x86)/atmel/studio/7.0/toolchain/arm/arm-gnu-toolchain/bin/../lib/gcc/arm-none-eabi/5.3.1/../../../../arm-none-eabi/lib/armv6-m\libc_nano.a
LOAD c:/program files (x86)/atmel/studio/7.0/toolchain/arm/arm-gnu-toolchain/bin/../lib/gcc/arm-none-eabi/5.3.1/../../../../arm-none-eabi/lib/armv6-m\libnosys.a
END GROUP
LOAD c:/program files (x86)/atmel/studio/7.0/toolchain/arm/arm-gnu-toolchain/bin/../lib/gcc/arm-none-eabi/5.3.1/armv6-m/crtend.o
LOAD c:/program files (x86)/atmel/studio/7.0/toolchain/arm/arm-gnu-toolchain/bin/../lib/gcc/arm-none-eabi/5.3.1/armv6-m/crtn.o

.text           0x00000000     0x2570
                0x00000000                __text_start__ = .
 *(.isr_vector)
 .isr_vector    0x00000000       0xb4 C:\TrainDepotSource\Controller\TrainController\ArduinoCore\Debug\libArduinoCore.a(cortex_handlers.o)
                0x00000000                exception_table
 *(.text*)
 .text          0x000000b4       0x60 c:/program files (x86)/atmel/studio/7.0/toolchain/arm/arm-gnu-toolchain/bin/../lib/gcc/arm-none-eabi/5.3.1/armv6-m/crtbegin.o
 .text.setup    0x00000114       0x20 Sketch.o
                0x00000114                setup
 .text.loop     0x00000134       0x10 Sketch.o
                0x00000134                loop
 .text.Dummy_Handler
                0x00000144        0x4 C:\TrainDepotSource\Controller\TrainController\ArduinoCore\Debug\libArduinoCore.a(cortex_handlers.o)
                0x00000144                DMAC_Handler
                0x00000144                HardFault_Handler
                0x00000144                AC_Handler
                0x00000144                PendSV_Handler
                0x00000144                NMI_Handler
                0x00000144                TC7_Handler
                0x00000144                SERCOM1_Handler
                0x00000144                ADC_Handler
                0x00000144                TCC1_Handler
                0x00000144                SERCOM2_Handler
                0x00000144                TCC0_Handler
                0x00000144                RTC_Handler
                0x00000144                EIC_Handler
                0x00000144                TC6_Handler
                0x00000144                WDT_Handler
                0x00000144                TC4_Handler
                0x00000144                TC3_Handler
                0x00000144                Dummy_Handler
                0x00000144                PM_Handler
                0x00000144                SVC_Handler
                0x00000144                TCC2_Handler
                0x00000144                EVSYS_Handler
                0x00000144                SERCOM3_Handler
                0x00000144                SERCOM4_Handler
                0x00000144                I2S_Handler
                0x00000144                NVMCTRL_Handler
                0x00000144                DAC_Handler
                0x00000144                PTC_Handler
                0x00000144                SYSCTRL_Handler
 .text.USB_Handler
                0x00000148       0x14 C:\TrainDepotSource\Controller\TrainController\ArduinoCore\Debug\libArduinoCore.a(cortex_handlers.o)
                0x00000148                USB_Handler
 .text.Reset_Handler
                0x0000015c       0x54 C:\TrainDepotSource\Controller\TrainController\ArduinoCore\Debug\libArduinoCore.a(cortex_handlers.o)
                0x0000015c                Reset_Handler
 .text.SysTick_Handler
                0x000001b0       0x10 C:\TrainDepotSource\Controller\TrainController\ArduinoCore\Debug\libArduinoCore.a(cortex_handlers.o)
                0x000001b0                SysTick_Handler
 .text.USB_SetHandler
                0x000001c0        0xc C:\TrainDepotSource\Controller\TrainController\ArduinoCore\Debug\libArduinoCore.a(cortex_handlers.o)
                0x000001c0                USB_SetHandler
 .text.millis   0x000001cc        0xc C:\TrainDepotSource\Controller\TrainController\ArduinoCore\Debug\libArduinoCore.a(delay.o)
                0x000001cc                millis
 .text.delay    0x000001d8       0x1c C:\TrainDepotSource\Controller\TrainController\ArduinoCore\Debug\libArduinoCore.a(delay.o)
                0x000001d8                delay
 .text.SysTick_DefaultHandler
                0x000001f4       0x14 C:\TrainDepotSource\Controller\TrainController\ArduinoCore\Debug\libArduinoCore.a(delay.o)
                0x000001f4                SysTick_DefaultHandler
 .text.__empty  0x00000208        0x2 C:\TrainDepotSource\Controller\TrainController\ArduinoCore\Debug\libArduinoCore.a(hooks.o)
                0x00000208                yield
 .text.__false  0x0000020a        0x4 C:\TrainDepotSource\Controller\TrainController\ArduinoCore\Debug\libArduinoCore.a(hooks.o)
                0x0000020a                sysTickHook
 .text._Z11initVariantv
                0x0000020e        0x2 C:\TrainDepotSource\Controller\TrainController\ArduinoCore\Debug\libArduinoCore.a(main.o)
                0x0000020e                initVariant()
 .text.startup.main
                0x00000210       0x40 C:\TrainDepotSource\Controller\TrainController\ArduinoCore\Debug\libArduinoCore.a(main.o)
                0x00000210                main
 .text.initiateReset
                0x00000250        0xc C:\TrainDepotSource\Controller\TrainController\ArduinoCore\Debug\libArduinoCore.a(Reset.o)
                0x00000250                initiateReset
 .text.cancelReset
                0x0000025c       0x10 C:\TrainDepotSource\Controller\TrainController\ArduinoCore\Debug\libArduinoCore.a(Reset.o)
                0x0000025c                cancelReset
 .text.tickReset
                0x0000026c       0x78 C:\TrainDepotSource\Controller\TrainController\ArduinoCore\Debug\libArduinoCore.a(Reset.o)
                0x0000026c                tickReset
 .text.SystemInit
                0x000002e4      0x17c C:\TrainDepotSource\Controller\TrainController\ArduinoCore\Debug\libArduinoCore.a(startup.o)
                0x000002e4                SystemInit
 .text._ZN7Serial_17availableForWriteEv
                0x00000460        0x4 C:\TrainDepotSource\Controller\TrainController\ArduinoCore\Debug\libArduinoCore.a(CDC.o)
                0x00000460                Serial_::availableForWrite()
 .text._ZN7Serial_5writeEh
                0x00000464       0x14 C:\TrainDepotSource\Controller\TrainController\ArduinoCore\Debug\libArduinoCore.a(CDC.o)
                0x00000464                Serial_::write(unsigned char)
 .text._ZN7Serial_9availableEv
                0x00000478        0xc C:\TrainDepotSource\Controller\TrainController\ArduinoCore\Debug\libArduinoCore.a(CDC.o)
                0x00000478                Serial_::available()
 .text._ZN7Serial_5flushEv
                0x00000484        0xc C:\TrainDepotSource\Controller\TrainController\ArduinoCore\Debug\libArduinoCore.a(CDC.o)
                0x00000484                Serial_::flush()
 .text._ZN7Serial_5writeEPKhj
                0x00000490       0x1a C:\TrainDepotSource\Controller\TrainController\ArduinoCore\Debug\libArduinoCore.a(CDC.o)
                0x00000490                Serial_::write(unsigned char const*, unsigned int)
 *fill*         0x000004aa        0x2 
 .text._ZN7Serial_4readEv
                0x000004ac       0x24 C:\TrainDepotSource\Controller\TrainController\ArduinoCore\Debug\libArduinoCore.a(CDC.o)
                0x000004ac                Serial_::read()
 .text._ZN7Serial_4peekEv
                0x000004d0       0x1c C:\TrainDepotSource\Controller\TrainController\ArduinoCore\Debug\libArduinoCore.a(CDC.o)
                0x000004d0                Serial_::peek()
 .text._Z16CDC_GetInterfacePh
                0x000004ec       0x1c C:\TrainDepotSource\Controller\TrainController\ArduinoCore\Debug\libArduinoCore.a(CDC.o)
                0x000004ec                CDC_GetInterface(unsigned char*)
 .text._Z9CDC_SetupR8USBSetup
                0x00000508       0x80 C:\TrainDepotSource\Controller\TrainController\ArduinoCore\Debug\libArduinoCore.a(CDC.o)
                0x00000508                CDC_Setup(USBSetup&)
 .text._ZN7Serial_5beginEm
                0x00000588        0x2 C:\TrainDepotSource\Controller\TrainController\ArduinoCore\Debug\libArduinoCore.a(CDC.o)
                0x00000588                Serial_::begin(unsigned long)
 *fill*         0x0000058a        0x2 
 .text._ZN7Serial_cvbEv
                0x0000058c       0x28 C:\TrainDepotSource\Controller\TrainController\ArduinoCore\Debug\libArduinoCore.a(CDC.o)
                0x0000058c                Serial_::operator bool()
 .text.startup._GLOBAL__sub_I__Z17_CDC_GetInterfacev
                0x000005b4       0x28 C:\TrainDepotSource\Controller\TrainController\ArduinoCore\Debug\libArduinoCore.a(CDC.o)
 .text._ZN14USBDeviceClass6initEPEmm.part.5
                0x000005dc       0x80 C:\TrainDepotSource\Controller\TrainController\ArduinoCore\Debug\libArduinoCore.a(USBCore.o)
 .text._ZN20USBDevice_SAMD21G18x5resetEv
                0x0000065c       0x28 C:\TrainDepotSource\Controller\TrainController\ArduinoCore\Debug\libArduinoCore.a(USBCore.o)
                0x0000065c                USBDevice_SAMD21G18x::reset()
 .text._ZN20USBDevice_SAMD21G18x9calibrateEv
                0x00000684       0x60 C:\TrainDepotSource\Controller\TrainController\ArduinoCore\Debug\libArduinoCore.a(USBCore.o)
                0x00000684                USBDevice_SAMD21G18x::calibrate()
 .text._ZN7__GuardC2Ev
                0x000006e4        0xe C:\TrainDepotSource\Controller\TrainController\ArduinoCore\Debug\libArduinoCore.a(USBCore.o)
                0x000006e4                __Guard::__Guard()
                0x000006e4                __Guard::__Guard()
 .text._ZN7__GuardD2Ev
                0x000006f2        0xe C:\TrainDepotSource\Controller\TrainController\ArduinoCore\Debug\libArduinoCore.a(USBCore.o)
                0x000006f2                __Guard::~__Guard()
                0x000006f2                __Guard::~__Guard()
 .text._ZNK26DoubleBufferedEPOutHandler9availableEv
                0x00000700       0x5e C:\TrainDepotSource\Controller\TrainController\ArduinoCore\Debug\libArduinoCore.a(USBCore.o)
                0x00000700                DoubleBufferedEPOutHandler::available() const
 *fill*         0x0000075e        0x2 
 .text._ZN26DoubleBufferedEPOutHandler7releaseEv
                0x00000760       0x64 C:\TrainDepotSource\Controller\TrainController\ArduinoCore\Debug\libArduinoCore.a(USBCore.o)
                0x00000760                DoubleBufferedEPOutHandler::release()
 .text._ZN26DoubleBufferedEPOutHandler14handleEndpointEv
                0x000007c4       0xc4 C:\TrainDepotSource\Controller\TrainController\ArduinoCore\Debug\libArduinoCore.a(USBCore.o)
                0x000007c4                DoubleBufferedEPOutHandler::handleEndpoint()
 .text._ZN26DoubleBufferedEPOutHandler4recvEPvm
                0x00000888      0x132 C:\TrainDepotSource\Controller\TrainController\ArduinoCore\Debug\libArduinoCore.a(USBCore.o)
                0x00000888                DoubleBufferedEPOutHandler::recv(void*, unsigned long)
 .text._ZN14USBDeviceClass14SendInterfacesEPm
                0x000009ba       0x2c C:\TrainDepotSource\Controller\TrainController\ArduinoCore\Debug\libArduinoCore.a(USBCore.o)
                0x000009ba                USBDeviceClass::SendInterfaces(unsigned long*)
 *fill*         0x000009e6        0x2 
 .text._ZN14USBDeviceClass14handleEndpointEh
                0x000009e8       0x44 C:\TrainDepotSource\Controller\TrainController\ArduinoCore\Debug\libArduinoCore.a(USBCore.o)
                0x000009e8                USBDeviceClass::handleEndpoint(unsigned char)
 .text._ZN14USBDeviceClass4initEv
                0x00000a2c       0xf0 C:\TrainDepotSource\Controller\TrainController\ArduinoCore\Debug\libArduinoCore.a(USBCore.o)
                0x00000a2c                USBDeviceClass::init()
 .text._ZN14USBDeviceClass6attachEv
                0x00000b1c       0x34 C:\TrainDepotSource\Controller\TrainController\ArduinoCore\Debug\libArduinoCore.a(USBCore.o)
                0x00000b1c                USBDeviceClass::attach()
 .text._ZN14USBDeviceClass10setAddressEm
                0x00000b50       0x44 C:\TrainDepotSource\Controller\TrainController\ArduinoCore\Debug\libArduinoCore.a(USBCore.o)
                0x00000b50                USBDeviceClass::setAddress(unsigned long)
 .text._ZN14USBDeviceClass25handleClassInterfaceSetupER8USBSetup
                0x00000b94       0x40 C:\TrainDepotSource\Controller\TrainController\ArduinoCore\Debug\libArduinoCore.a(USBCore.o)
                0x00000b94                USBDeviceClass::handleClassInterfaceSetup(USBSetup&)
 .text._ZN14USBDeviceClass6initEPEmm
                0x00000bd4      0x124 C:\TrainDepotSource\Controller\TrainController\ArduinoCore\Debug\libArduinoCore.a(USBCore.o)
                0x00000bd4                USBDeviceClass::initEP(unsigned long, unsigned long)
 .text._ZN14USBDeviceClass13initEndpointsEv
                0x00000cf8       0x24 C:\TrainDepotSource\Controller\TrainController\ArduinoCore\Debug\libArduinoCore.a(USBCore.o)
                0x00000cf8                USBDeviceClass::initEndpoints()
 .text._ZN14USBDeviceClass9availableEm
                0x00000d1c       0x2c C:\TrainDepotSource\Controller\TrainController\ArduinoCore\Debug\libArduinoCore.a(USBCore.o)
                0x00000d1c                USBDeviceClass::available(unsigned long)
 .text._ZN14USBDeviceClass5flushEm
                0x00000d48       0x2c C:\TrainDepotSource\Controller\TrainController\ArduinoCore\Debug\libArduinoCore.a(USBCore.o)
                0x00000d48                USBDeviceClass::flush(unsigned long)
 .text._ZN14USBDeviceClass14armRecvCtrlOUTEm
                0x00000d74       0x60 C:\TrainDepotSource\Controller\TrainController\ArduinoCore\Debug\libArduinoCore.a(USBCore.o)
                0x00000d74                USBDeviceClass::armRecvCtrlOUT(unsigned long)
 .text._ZN14USBDeviceClass11recvControlEPvm
                0x00000dd4       0x3c C:\TrainDepotSource\Controller\TrainController\ArduinoCore\Debug\libArduinoCore.a(USBCore.o)
                0x00000dd4                USBDeviceClass::recvControl(void*, unsigned long)
 .text._ZN14USBDeviceClass7armRecvEm
                0x00000e10       0x38 C:\TrainDepotSource\Controller\TrainController\ArduinoCore\Debug\libArduinoCore.a(USBCore.o)
                0x00000e10                USBDeviceClass::armRecv(unsigned long)
 .text._ZN14USBDeviceClass4recvEmPvm
                0x00000e48       0xdc C:\TrainDepotSource\Controller\TrainController\ArduinoCore\Debug\libArduinoCore.a(USBCore.o)
                0x00000e48                USBDeviceClass::recv(unsigned long, void*, unsigned long)
 .text._ZN14USBDeviceClass4recvEm
                0x00000f24       0x1c C:\TrainDepotSource\Controller\TrainController\ArduinoCore\Debug\libArduinoCore.a(USBCore.o)
                0x00000f24                USBDeviceClass::recv(unsigned long)
 .text._ZN14USBDeviceClass4sendEmPKvm
                0x00000f40      0x11c C:\TrainDepotSource\Controller\TrainController\ArduinoCore\Debug\libArduinoCore.a(USBCore.o)
                0x00000f40                USBDeviceClass::send(unsigned long, void const*, unsigned long)
 .text._ZN14USBDeviceClass7armSendEmPKvm
                0x0000105c       0x48 C:\TrainDepotSource\Controller\TrainController\ArduinoCore\Debug\libArduinoCore.a(USBCore.o)
                0x0000105c                USBDeviceClass::armSend(unsigned long, void const*, unsigned long)
 .text._ZN14USBDeviceClass11sendControlEPKvm
                0x000010a4       0x58 C:\TrainDepotSource\Controller\TrainController\ArduinoCore\Debug\libArduinoCore.a(USBCore.o)
                0x000010a4                USBDeviceClass::sendControl(void const*, unsigned long)
 .text._ZN14USBDeviceClass20sendStringDescriptorEPKhh
                0x000010fc       0x68 C:\TrainDepotSource\Controller\TrainController\ArduinoCore\Debug\libArduinoCore.a(USBCore.o)
                0x000010fc                USBDeviceClass::sendStringDescriptor(unsigned char const*, unsigned char)
 .text._ZN14USBDeviceClass17sendConfigurationEm
                0x00001164       0x94 C:\TrainDepotSource\Controller\TrainController\ArduinoCore\Debug\libArduinoCore.a(USBCore.o)
                0x00001164                USBDeviceClass::sendConfiguration(unsigned long)
 .text._ZN14USBDeviceClass14sendDescriptorER8USBSetup
                0x000011f8       0xac C:\TrainDepotSource\Controller\TrainController\ArduinoCore\Debug\libArduinoCore.a(USBCore.o)
                0x000011f8                USBDeviceClass::sendDescriptor(USBSetup&)
 .text._ZN14USBDeviceClass19handleStandardSetupER8USBSetup
                0x000012a4      0x108 C:\TrainDepotSource\Controller\TrainController\ArduinoCore\Debug\libArduinoCore.a(USBCore.o)
                0x000012a4                USBDeviceClass::handleStandardSetup(USBSetup&)
 .text._ZN14USBDeviceClass10ISRHandlerEv
                0x000013ac      0x150 C:\TrainDepotSource\Controller\TrainController\ArduinoCore\Debug\libArduinoCore.a(USBCore.o)
                0x000013ac                USBDeviceClass::ISRHandler()
 .text.UDD_Handler
                0x000014fc       0x10 C:\TrainDepotSource\Controller\TrainController\ArduinoCore\Debug\libArduinoCore.a(USBCore.o)
                0x000014fc                UDD_Handler
 .text.startup._GLOBAL__sub_I__ZN20USBDevice_SAMD21G18x5resetEv
                0x0000150c       0x10 C:\TrainDepotSource\Controller\TrainController\ArduinoCore\Debug\libArduinoCore.a(USBCore.o)
 .text.init     0x0000151c       0xf8 C:\TrainDepotSource\Controller\TrainController\ArduinoCore\Debug\libArduinoCore.a(wiring.o)
                0x0000151c                init
 .text.analogReference
                0x00001614       0x60 C:\TrainDepotSource\Controller\TrainController\ArduinoCore\Debug\libArduinoCore.a(wiring_analog.o)
                0x00001614                analogReference
 .text.pinMode  0x00001674       0xa8 C:\TrainDepotSource\Controller\TrainController\ArduinoCore\Debug\libArduinoCore.a(wiring_digital.o)
                0x00001674                pinMode
 .text.digitalWrite
                0x0000171c       0x5c C:\TrainDepotSource\Controller\TrainController\ArduinoCore\Debug\libArduinoCore.a(wiring_digital.o)
                0x0000171c                digitalWrite
 .text.pinPeripheral
                0x00001778       0xc4 C:\TrainDepotSource\Controller\TrainController\ArduinoCore\Debug\libArduinoCore.a(wiring_private.o)
                0x00001778                pinPeripheral
 .text.SERCOM0_Handler
                0x0000183c       0x10 C:\TrainDepotSource\Controller\TrainController\ArduinoCore\Debug\libArduinoCore.a(variant.o)
                0x0000183c                SERCOM0_Handler
 .text.SERCOM5_Handler
                0x0000184c       0x10 C:\TrainDepotSource\Controller\TrainController\ArduinoCore\Debug\libArduinoCore.a(variant.o)
                0x0000184c                SERCOM5_Handler
 .text.startup._GLOBAL__sub_I_g_APinDescription
                0x0000185c       0x94 C:\TrainDepotSource\Controller\TrainController\ArduinoCore\Debug\libArduinoCore.a(variant.o)
 .text._Znwj    0x000018f0        0x8 C:\TrainDepotSource\Controller\TrainController\ArduinoCore\Debug\libArduinoCore.a(new.o)
                0x000018f0                operator new(unsigned int)
 .text._ZN6SERCOMC2EP6Sercom
                0x000018f8        0x4 C:\TrainDepotSource\Controller\TrainController\ArduinoCore\Debug\libArduinoCore.a(SERCOM.o)
                0x000018f8                SERCOM::SERCOM(Sercom*)
                0x000018f8                SERCOM::SERCOM(Sercom*)
 .text._ZN6SERCOM9initFrameE18SercomUartCharSize15SercomDataOrder16SercomParityMode19SercomNumberStopBit
                0x000018fc       0x40 C:\TrainDepotSource\Controller\TrainController\ArduinoCore\Debug\libArduinoCore.a(SERCOM.o)
                0x000018fc                SERCOM::initFrame(SercomUartCharSize, SercomDataOrder, SercomParityMode, SercomNumberStopBit)
 .text._ZN6SERCOM8initPadsE15SercomUartTXPad11SercomRXPad
                0x0000193c       0x26 C:\TrainDepotSource\Controller\TrainController\ArduinoCore\Debug\libArduinoCore.a(SERCOM.o)
                0x0000193c                SERCOM::initPads(SercomUartTXPad, SercomRXPad)
 .text._ZN6SERCOM9resetUARTEv
                0x00001962       0x1a C:\TrainDepotSource\Controller\TrainController\ArduinoCore\Debug\libArduinoCore.a(SERCOM.o)
                0x00001962                SERCOM::resetUART()
 .text._ZN6SERCOM10enableUARTEv
                0x0000197c       0x14 C:\TrainDepotSource\Controller\TrainController\ArduinoCore\Debug\libArduinoCore.a(SERCOM.o)
                0x0000197c                SERCOM::enableUART()
 .text._ZN6SERCOM9flushUARTEv
                0x00001990       0x10 C:\TrainDepotSource\Controller\TrainController\ArduinoCore\Debug\libArduinoCore.a(SERCOM.o)
                0x00001990                SERCOM::flushUART()
 .text._ZN6SERCOM15clearStatusUARTEv
                0x000019a0        0x8 C:\TrainDepotSource\Controller\TrainController\ArduinoCore\Debug\libArduinoCore.a(SERCOM.o)
                0x000019a0                SERCOM::clearStatusUART()
 .text._ZN6SERCOM17availableDataUARTEv
                0x000019a8        0xa C:\TrainDepotSource\Controller\TrainController\ArduinoCore\Debug\libArduinoCore.a(SERCOM.o)
                0x000019a8                SERCOM::availableDataUART()
 .text._ZN6SERCOM11isUARTErrorEv
                0x000019b2        0x8 C:\TrainDepotSource\Controller\TrainController\ArduinoCore\Debug\libArduinoCore.a(SERCOM.o)
                0x000019b2                SERCOM::isUARTError()
 .text._ZN6SERCOM20acknowledgeUARTErrorEv
                0x000019ba        0xe C:\TrainDepotSource\Controller\TrainController\ArduinoCore\Debug\libArduinoCore.a(SERCOM.o)
                0x000019ba                SERCOM::acknowledgeUARTError()
 .text._ZN6SERCOM12readDataUARTEv
                0x000019c8        0x8 C:\TrainDepotSource\Controller\TrainController\ArduinoCore\Debug\libArduinoCore.a(SERCOM.o)
                0x000019c8                SERCOM::readDataUART()
 .text._ZN6SERCOM13writeDataUARTEh
                0x000019d0       0x10 C:\TrainDepotSource\Controller\TrainController\ArduinoCore\Debug\libArduinoCore.a(SERCOM.o)
                0x000019d0                SERCOM::writeDataUART(unsigned char)
 .text._ZN6SERCOM13initClockNVICEv
                0x000019e0       0xac C:\TrainDepotSource\Controller\TrainController\ArduinoCore\Debug\libArduinoCore.a(SERCOM.o)
                0x000019e0                SERCOM::initClockNVIC()
 .text._ZN6SERCOM8initUARTE14SercomUartMode20SercomUartSampleRatem
                0x00001a8c       0x6c C:\TrainDepotSource\Controller\TrainController\ArduinoCore\Debug\libArduinoCore.a(SERCOM.o)
                0x00001a8c                SERCOM::initUART(SercomUartMode, SercomUartSampleRate, unsigned long)
 .text._ZN4UartcvbEv
                0x00001af8        0x4 C:\TrainDepotSource\Controller\TrainController\ArduinoCore\Debug\libArduinoCore.a(Uart.o)
                0x00001af8                Uart::operator bool()
 .text._ZN4Uart5beginEm
                0x00001afc        0xc C:\TrainDepotSource\Controller\TrainController\ArduinoCore\Debug\libArduinoCore.a(Uart.o)
                0x00001afc                Uart::begin(unsigned long)
 .text._ZN4Uart3endEv
                0x00001b08       0x14 C:\TrainDepotSource\Controller\TrainController\ArduinoCore\Debug\libArduinoCore.a(Uart.o)
                0x00001b08                Uart::end()
 .text._ZN4Uart5flushEv
                0x00001b1c        0xa C:\TrainDepotSource\Controller\TrainController\ArduinoCore\Debug\libArduinoCore.a(Uart.o)
                0x00001b1c                Uart::flush()
 .text._ZN4Uart9availableEv
                0x00001b26        0xa C:\TrainDepotSource\Controller\TrainController\ArduinoCore\Debug\libArduinoCore.a(Uart.o)
                0x00001b26                Uart::available()
 .text._ZN4Uart4peekEv
                0x00001b30        0xa C:\TrainDepotSource\Controller\TrainController\ArduinoCore\Debug\libArduinoCore.a(Uart.o)
                0x00001b30                Uart::peek()
 .text._ZN4Uart4readEv
                0x00001b3a        0xa C:\TrainDepotSource\Controller\TrainController\ArduinoCore\Debug\libArduinoCore.a(Uart.o)
                0x00001b3a                Uart::read()
 .text._ZN4Uart5writeEh
                0x00001b44        0xc C:\TrainDepotSource\Controller\TrainController\ArduinoCore\Debug\libArduinoCore.a(Uart.o)
                0x00001b44                Uart::write(unsigned char)
 .text._ZN4UartC2EP6SERCOMhh11SercomRXPad15SercomUartTXPad
                0x00001b50       0x4c C:\TrainDepotSource\Controller\TrainController\ArduinoCore\Debug\libArduinoCore.a(Uart.o)
                0x00001b50                Uart::Uart(SERCOM*, unsigned char, unsigned char, SercomRXPad, SercomUartTXPad)
                0x00001b50                Uart::Uart(SERCOM*, unsigned char, unsigned char, SercomRXPad, SercomUartTXPad)
 .text._ZN4Uart10IrqHandlerEv
                0x00001b9c       0x36 C:\TrainDepotSource\Controller\TrainController\ArduinoCore\Debug\libArduinoCore.a(Uart.o)
                0x00001b9c                Uart::IrqHandler()
 .text._ZN4Uart16extractNbStopBitEt
                0x00001bd2        0xe C:\TrainDepotSource\Controller\TrainController\ArduinoCore\Debug\libArduinoCore.a(Uart.o)
                0x00001bd2                Uart::extractNbStopBit(unsigned short)
 .text._ZN4Uart15extractCharSizeEt
                0x00001be0       0x28 C:\TrainDepotSource\Controller\TrainController\ArduinoCore\Debug\libArduinoCore.a(Uart.o)
                0x00001be0                Uart::extractCharSize(unsigned short)
 .text._ZN4Uart13extractParityEt
                0x00001c08       0x16 C:\TrainDepotSource\Controller\TrainController\ArduinoCore\Debug\libArduinoCore.a(Uart.o)
                0x00001c08                Uart::extractParity(unsigned short)
 *fill*         0x00001c1e        0x2 
 .text._ZN4Uart5beginEmt
                0x00001c20       0x88 C:\TrainDepotSource\Controller\TrainController\ArduinoCore\Debug\libArduinoCore.a(Uart.o)
                0x00001c20                Uart::begin(unsigned long, unsigned short)
 .text._ZN13PluggableUSB_12getInterfaceEPh
                0x00001ca8       0x2a C:\TrainDepotSource\Controller\TrainController\ArduinoCore\Debug\libArduinoCore.a(PluggableUSB.o)
                0x00001ca8                PluggableUSB_::getInterface(unsigned char*)
 .text._ZN13PluggableUSB_13getDescriptorER8USBSetup
                0x00001cd2       0x20 C:\TrainDepotSource\Controller\TrainController\ArduinoCore\Debug\libArduinoCore.a(PluggableUSB.o)
                0x00001cd2                PluggableUSB_::getDescriptor(USBSetup&)
 .text._ZN13PluggableUSB_12getShortNameEPc
                0x00001cf2       0x1e C:\TrainDepotSource\Controller\TrainController\ArduinoCore\Debug\libArduinoCore.a(PluggableUSB.o)
                0x00001cf2                PluggableUSB_::getShortName(char*)
 .text._ZN13PluggableUSB_5setupER8USBSetup
                0x00001d10       0x20 C:\TrainDepotSource\Controller\TrainController\ArduinoCore\Debug\libArduinoCore.a(PluggableUSB.o)
                0x00001d10                PluggableUSB_::setup(USBSetup&)
 .text._Z12PluggableUSBv
                0x00001d30       0x24 C:\TrainDepotSource\Controller\TrainController\ArduinoCore\Debug\libArduinoCore.a(PluggableUSB.o)
                0x00001d30                PluggableUSB()
 .text._ZN5Print5writeEPKhj
                0x00001d54       0x28 C:\TrainDepotSource\Controller\TrainController\ArduinoCore\Debug\libArduinoCore.a(Print.o)
                0x00001d54                Print::write(unsigned char const*, unsigned int)
 .text._ZN10RingBufferC2Ev
                0x00001d7c       0x16 C:\TrainDepotSource\Controller\TrainController\ArduinoCore\Debug\libArduinoCore.a(RingBuffer.o)
                0x00001d7c                RingBuffer::RingBuffer()
                0x00001d7c                RingBuffer::RingBuffer()
 .text._ZN10RingBuffer10store_charEh
                0x00001d92       0x16 C:\TrainDepotSource\Controller\TrainController\ArduinoCore\Debug\libArduinoCore.a(RingBuffer.o)
                0x00001d92                RingBuffer::store_char(unsigned char)
 .text._ZN10RingBuffer5clearEv
                0x00001da8        0x8 C:\TrainDepotSource\Controller\TrainController\ArduinoCore\Debug\libArduinoCore.a(RingBuffer.o)
                0x00001da8                RingBuffer::clear()
 .text._ZN10RingBuffer9read_charEv
                0x00001db0       0x1c C:\TrainDepotSource\Controller\TrainController\ArduinoCore\Debug\libArduinoCore.a(RingBuffer.o)
                0x00001db0                RingBuffer::read_char()
 .text._ZN10RingBuffer9availableEv
                0x00001dcc        0xc C:\TrainDepotSource\Controller\TrainController\ArduinoCore\Debug\libArduinoCore.a(RingBuffer.o)
                0x00001dcc                RingBuffer::available()
 .text._ZN10RingBuffer4peekEv
                0x00001dd8       0x12 C:\TrainDepotSource\Controller\TrainController\ArduinoCore\Debug\libArduinoCore.a(RingBuffer.o)
                0x00001dd8                RingBuffer::peek()
 *fill*         0x00001dea        0x2 
 .text          0x00001dec       0x14 c:/program files (x86)/atmel/studio/7.0/toolchain/arm/arm-gnu-toolchain/bin/../lib/gcc/arm-none-eabi/5.3.1/armv6-m\libgcc.a(_thumb1_case_uqi.o)
                0x00001dec                __gnu_thumb1_case_uqi
 .text          0x00001e00      0x114 c:/program files (x86)/atmel/studio/7.0/toolchain/arm/arm-gnu-toolchain/bin/../lib/gcc/arm-none-eabi/5.3.1/armv6-m\libgcc.a(_udivsi3.o)
                0x00001e00                __aeabi_uidiv
                0x00001e00                __udivsi3
                0x00001f0c                __aeabi_uidivmod
 .text          0x00001f14        0x4 c:/program files (x86)/atmel/studio/7.0/toolchain/arm/arm-gnu-toolchain/bin/../lib/gcc/arm-none-eabi/5.3.1/armv6-m\libgcc.a(_dvmd_tls.o)
                0x00001f14                __aeabi_idiv0
                0x00001f14                __aeabi_ldiv0
 .text.__libc_init_array
                0x00001f18       0x4c c:/program files (x86)/atmel/studio/7.0/toolchain/arm/arm-gnu-toolchain/bin/../lib/gcc/arm-none-eabi/5.3.1/../../../../arm-none-eabi/lib/armv6-m\libc_nano.a(lib_a-init.o)
                0x00001f18                __libc_init_array
 .text.malloc   0x00001f64       0x14 c:/program files (x86)/atmel/studio/7.0/toolchain/arm/arm-gnu-toolchain/bin/../lib/gcc/arm-none-eabi/5.3.1/../../../../arm-none-eabi/lib/armv6-m\libc_nano.a(lib_a-malloc.o)
                0x00001f64                malloc
 .text.memcpy   0x00001f78       0x12 c:/program files (x86)/atmel/studio/7.0/toolchain/arm/arm-gnu-toolchain/bin/../lib/gcc/arm-none-eabi/5.3.1/../../../../arm-none-eabi/lib/armv6-m\libc_nano.a(lib_a-memcpy-stub.o)
                0x00001f78                memcpy
 .text.memset   0x00001f8a       0x10 c:/program files (x86)/atmel/studio/7.0/toolchain/arm/arm-gnu-toolchain/bin/../lib/gcc/arm-none-eabi/5.3.1/../../../../arm-none-eabi/lib/armv6-m\libc_nano.a(lib_a-memset.o)
                0x00001f8a                memset
 *fill*         0x00001f9a        0x2 
 .text._malloc_r
                0x00001f9c       0xac c:/program files (x86)/atmel/studio/7.0/toolchain/arm/arm-gnu-toolchain/bin/../lib/gcc/arm-none-eabi/5.3.1/../../../../arm-none-eabi/lib/armv6-m\libc_nano.a(lib_a-nano-mallocr.o)
                0x00001f9c                _malloc_r
 .text._sbrk_r  0x00002048       0x24 c:/program files (x86)/atmel/studio/7.0/toolchain/arm/arm-gnu-toolchain/bin/../lib/gcc/arm-none-eabi/5.3.1/../../../../arm-none-eabi/lib/armv6-m\libc_nano.a(lib_a-sbrkr.o)
                0x00002048                _sbrk_r
 .text          0x0000206c        0xe c:/program files (x86)/atmel/studio/7.0/toolchain/arm/arm-gnu-toolchain/bin/../lib/gcc/arm-none-eabi/5.3.1/../../../../arm-none-eabi/lib/armv6-m\libc_nano.a(lib_a-strlen.o)
                0x0000206c                strlen
 *fill*         0x0000207a        0x2 
 .text._sbrk    0x0000207c       0x1c c:/program files (x86)/atmel/studio/7.0/toolchain/arm/arm-gnu-toolchain/bin/../lib/gcc/arm-none-eabi/5.3.1/../../../../arm-none-eabi/lib/armv6-m\libnosys.a(sbrk.o)
                0x0000207c                _sbrk
 *(.init)
 .init          0x00002098        0x4 c:/program files (x86)/atmel/studio/7.0/toolchain/arm/arm-gnu-toolchain/bin/../lib/gcc/arm-none-eabi/5.3.1/armv6-m/crti.o
                0x00002098                _init
 .init          0x0000209c        0x8 c:/program files (x86)/atmel/studio/7.0/toolchain/arm/arm-gnu-toolchain/bin/../lib/gcc/arm-none-eabi/5.3.1/armv6-m/crtn.o
 *(.fini)
 .fini          0x000020a4        0x4 c:/program files (x86)/atmel/studio/7.0/toolchain/arm/arm-gnu-toolchain/bin/../lib/gcc/arm-none-eabi/5.3.1/armv6-m/crti.o
                0x000020a4                _fini
 .fini          0x000020a8        0x8 c:/program files (x86)/atmel/studio/7.0/toolchain/arm/arm-gnu-toolchain/bin/../lib/gcc/arm-none-eabi/5.3.1/armv6-m/crtn.o
 *crtbegin.o(.ctors)
 *crtbegin?.o(.ctors)
 *(EXCLUDE_FILE(*crtend.o *crtend?.o) .ctors)
 *(SORT(.ctors.*))
 *(.ctors)
 *crtbegin.o(.dtors)
 *crtbegin?.o(.dtors)
 *(EXCLUDE_FILE(*crtend.o *crtend?.o) .dtors)
 *(SORT(.dtors.*))
 *(.dtors)
 *(.rodata*)
 .rodata._ZTV7Serial_
                0x000020b0       0x24 C:\TrainDepotSource\Controller\TrainController\ArduinoCore\Debug\libArduinoCore.a(CDC.o)
                0x000020b0                vtable for Serial_
 .rodata._ZTV26DoubleBufferedEPOutHandler
                0x000020d4       0x14 C:\TrainDepotSource\Controller\TrainController\ArduinoCore\Debug\libArduinoCore.a(USBCore.o)
                0x000020d4                vtable for DoubleBufferedEPOutHandler
 .rodata._ZL19STRING_MANUFACTURER
                0x000020e8        0xc C:\TrainDepotSource\Controller\TrainController\ArduinoCore\Debug\libArduinoCore.a(USBCore.o)
 .rodata._ZL15STRING_LANGUAGE
                0x000020f4        0x4 C:\TrainDepotSource\Controller\TrainController\ArduinoCore\Debug\libArduinoCore.a(USBCore.o)
 .rodata._ZL21USB_DeviceDescriptorB
                0x000020f8       0x12 C:\TrainDepotSource\Controller\TrainController\ArduinoCore\Debug\libArduinoCore.a(USBCore.o)
 .rodata._ZL14STRING_PRODUCT
                0x0000210a        0xd C:\TrainDepotSource\Controller\TrainController\ArduinoCore\Debug\libArduinoCore.a(USBCore.o)
 *fill*         0x00002117        0x1 
 .rodata.g_APinDescription
                0x00002118      0x420 C:\TrainDepotSource\Controller\TrainController\ArduinoCore\Debug\libArduinoCore.a(variant.o)
                0x00002118                g_APinDescription
 .rodata._ZTV4Uart
                0x00002538       0x30 C:\TrainDepotSource\Controller\TrainController\ArduinoCore\Debug\libArduinoCore.a(Uart.o)
                0x00002538                vtable for Uart
 .rodata.str1.1
                0x00002568        0x2 c:/program files (x86)/atmel/studio/7.0/toolchain/arm/arm-gnu-toolchain/bin/../lib/gcc/arm-none-eabi/5.3.1/../../../../arm-none-eabi/lib/armv6-m\libc_nano.a(lib_a-impure.o)
 *(.eh_frame*)
 *fill*         0x0000256a        0x2 
 .eh_frame      0x0000256c        0x0 c:/program files (x86)/atmel/studio/7.0/toolchain/arm/arm-gnu-toolchain/bin/../lib/gcc/arm-none-eabi/5.3.1/armv6-m/crtbegin.o
 .eh_frame      0x0000256c        0x4 c:/program files (x86)/atmel/studio/7.0/toolchain/arm/arm-gnu-toolchain/bin/../lib/gcc/arm-none-eabi/5.3.1/armv6-m/crtend.o

.glue_7         0x00002570        0x0
 .glue_7        0x00002570        0x0 linker stubs

.glue_7t        0x00002570        0x0
 .glue_7t       0x00002570        0x0 linker stubs

.vfp11_veneer   0x00002570        0x0
 .vfp11_veneer  0x00002570        0x0 linker stubs

.v4_bx          0x00002570        0x0
 .v4_bx         0x00002570        0x0 linker stubs

.iplt           0x00002570        0x0
 .iplt          0x00002570        0x0 c:/program files (x86)/atmel/studio/7.0/toolchain/arm/arm-gnu-toolchain/bin/../lib/gcc/arm-none-eabi/5.3.1/armv6-m/crtbegin.o

.rel.dyn        0x00002570        0x0
 .rel.iplt      0x00002570        0x0 c:/program files (x86)/atmel/studio/7.0/toolchain/arm/arm-gnu-toolchain/bin/../lib/gcc/arm-none-eabi/5.3.1/armv6-m/crtbegin.o

.ARM.extab
 *(.ARM.extab* .gnu.linkonce.armextab.*)
                0x00002570                __exidx_start = .

.ARM.exidx
 *(.ARM.exidx* .gnu.linkonce.armexidx.*)
                0x00002570                __exidx_end = .
                0x00002570                __etext = .

.data           0x20000000      0x100 load address 0x00002570
                0x20000000                __data_start__ = .
 *(vtable)
 *(.data*)
 .data._ZL5ticks
                0x20000000        0x4 C:\TrainDepotSource\Controller\TrainController\ArduinoCore\Debug\libArduinoCore.a(Reset.o)
 .data._ZL12_usbLineInfo
                0x20000004        0x8 C:\TrainDepotSource\Controller\TrainController\ArduinoCore\Debug\libArduinoCore.a(CDC.o)
 .data._ZL10breakValue
                0x2000000c        0x4 C:\TrainDepotSource\Controller\TrainController\ArduinoCore\Debug\libArduinoCore.a(CDC.o)
 .data._ZL13_cdcInterface
                0x20000010       0x42 C:\TrainDepotSource\Controller\TrainController\ArduinoCore\Debug\libArduinoCore.a(CDC.o)
 *fill*         0x20000052        0x2 
 .data._serialPeek
                0x20000054        0x4 C:\TrainDepotSource\Controller\TrainController\ArduinoCore\Debug\libArduinoCore.a(CDC.o)
                0x20000054                _serialPeek
 .data.EndPoints
                0x20000058       0x28 C:\TrainDepotSource\Controller\TrainController\ArduinoCore\Debug\libArduinoCore.a(USBCore.o)
                0x20000058                EndPoints
 .data.SystemCoreClock
                0x20000080        0x4 C:\TrainDepotSource\Controller\TrainController\ArduinoCore\Debug\libArduinoCore.a(wiring.o)
                0x20000080                SystemCoreClock
 .data.impure_data
                0x20000084       0x60 c:/program files (x86)/atmel/studio/7.0/toolchain/arm/arm-gnu-toolchain/bin/../lib/gcc/arm-none-eabi/5.3.1/../../../../arm-none-eabi/lib/armv6-m\libc_nano.a(lib_a-impure.o)
 .data._impure_ptr
                0x200000e4        0x4 c:/program files (x86)/atmel/studio/7.0/toolchain/arm/arm-gnu-toolchain/bin/../lib/gcc/arm-none-eabi/5.3.1/../../../../arm-none-eabi/lib/armv6-m\libc_nano.a(lib_a-impure.o)
                0x200000e4                _impure_ptr
                0x200000e8                . = ALIGN (0x4)
                0x200000e8                PROVIDE (__preinit_array_start, .)
 *(.preinit_array)
                0x200000e8                PROVIDE (__preinit_array_end, .)
                0x200000e8                . = ALIGN (0x4)
                0x200000e8                PROVIDE (__init_array_start, .)
 *(SORT(.init_array.*))
 *(.init_array)
 .init_array    0x200000e8        0x4 c:/program files (x86)/atmel/studio/7.0/toolchain/arm/arm-gnu-toolchain/bin/../lib/gcc/arm-none-eabi/5.3.1/armv6-m/crtbegin.o
 .init_array    0x200000ec        0x4 C:\TrainDepotSource\Controller\TrainController\ArduinoCore\Debug\libArduinoCore.a(CDC.o)
 .init_array    0x200000f0        0x4 C:\TrainDepotSource\Controller\TrainController\ArduinoCore\Debug\libArduinoCore.a(USBCore.o)
 .init_array    0x200000f4        0x4 C:\TrainDepotSource\Controller\TrainController\ArduinoCore\Debug\libArduinoCore.a(variant.o)
                0x200000f8                PROVIDE (__init_array_end, .)
                0x200000f8                . = ALIGN (0x4)
                [!provide]                PROVIDE (__fini_array_start, .)
 *(SORT(.fini_array.*))
 *(.fini_array)
 .fini_array    0x200000f8        0x4 c:/program files (x86)/atmel/studio/7.0/toolchain/arm/arm-gnu-toolchain/bin/../lib/gcc/arm-none-eabi/5.3.1/armv6-m/crtbegin.o
                [!provide]                PROVIDE (__fini_array_end, .)
 *(.jcr*)
 .jcr           0x200000fc        0x0 c:/program files (x86)/atmel/studio/7.0/toolchain/arm/arm-gnu-toolchain/bin/../lib/gcc/arm-none-eabi/5.3.1/armv6-m/crtbegin.o
 .jcr           0x200000fc        0x4 c:/program files (x86)/atmel/studio/7.0/toolchain/arm/arm-gnu-toolchain/bin/../lib/gcc/arm-none-eabi/5.3.1/armv6-m/crtend.o
                0x20000100                . = ALIGN (0x10)
                0x20000100                __data_end__ = .

.igot.plt       0x20000100        0x0 load address 0x00002670
 .igot.plt      0x20000100        0x0 c:/program files (x86)/atmel/studio/7.0/toolchain/arm/arm-gnu-toolchain/bin/../lib/gcc/arm-none-eabi/5.3.1/armv6-m/crtbegin.o

.bss            0x20000100      0x6f4 load address 0x00002670
                0x20000100                . = ALIGN (0x4)
                0x20000100                __bss_start__ = .
 *(.bss*)
 .bss           0x20000100       0x1c c:/program files (x86)/atmel/studio/7.0/toolchain/arm/arm-gnu-toolchain/bin/../lib/gcc/arm-none-eabi/5.3.1/armv6-m/crtbegin.o
 .bss.usb_isr   0x2000011c        0x4 C:\TrainDepotSource\Controller\TrainController\ArduinoCore\Debug\libArduinoCore.a(cortex_handlers.o)
 .bss._ulTickCount
                0x20000120        0x4 C:\TrainDepotSource\Controller\TrainController\ArduinoCore\Debug\libArduinoCore.a(delay.o)
 .bss.SerialUSB
                0x20000124       0x1c C:\TrainDepotSource\Controller\TrainController\ArduinoCore\Debug\libArduinoCore.a(CDC.o)
                0x20000124                SerialUSB
 .bss._ZL14isEndpointHalt
                0x20000140        0x1 C:\TrainDepotSource\Controller\TrainController\ArduinoCore\Debug\libArduinoCore.a(USBCore.o)
 .bss._pack_buffer
                0x20000141      0x100 C:\TrainDepotSource\Controller\TrainController\ArduinoCore\Debug\libArduinoCore.a(USBCore.o)
                0x20000141                _pack_buffer
 *fill*         0x20000241        0x1 
 .bss._pack_size
                0x20000242        0x2 C:\TrainDepotSource\Controller\TrainController\ArduinoCore\Debug\libArduinoCore.a(USBCore.o)
                0x20000242                _pack_size
 .bss._ZL20LastTransmitTimedOut
                0x20000244        0x7 C:\TrainDepotSource\Controller\TrainController\ArduinoCore\Debug\libArduinoCore.a(USBCore.o)
 *fill*         0x2000024b        0x1 
 .bss._ZL22udd_ep_in_cache_buffer
                0x2000024c      0x1c0 C:\TrainDepotSource\Controller\TrainController\ArduinoCore\Debug\libArduinoCore.a(USBCore.o)
 .bss._ZL10txLEDPulse
                0x2000040c        0x1 C:\TrainDepotSource\Controller\TrainController\ArduinoCore\Debug\libArduinoCore.a(USBCore.o)
 *fill*         0x2000040d        0x3 
 .bss._ZL23udd_ep_out_cache_buffer
                0x20000410      0x1c0 C:\TrainDepotSource\Controller\TrainController\ArduinoCore\Debug\libArduinoCore.a(USBCore.o)
 .bss._ZL10epHandlers
                0x200005d0       0x1c C:\TrainDepotSource\Controller\TrainController\ArduinoCore\Debug\libArduinoCore.a(USBCore.o)
 .bss._pack_message
                0x200005ec        0x1 C:\TrainDepotSource\Controller\TrainController\ArduinoCore\Debug\libArduinoCore.a(USBCore.o)
                0x200005ec                _pack_message
 .bss._ZL21isRemoteWakeUpEnabled
                0x200005ed        0x1 C:\TrainDepotSource\Controller\TrainController\ArduinoCore\Debug\libArduinoCore.a(USBCore.o)
 .bss._dry_run  0x200005ee        0x1 C:\TrainDepotSource\Controller\TrainController\ArduinoCore\Debug\libArduinoCore.a(USBCore.o)
                0x200005ee                _dry_run
 .bss.USBDevice
                0x200005ef        0x1 C:\TrainDepotSource\Controller\TrainController\ArduinoCore\Debug\libArduinoCore.a(USBCore.o)
                0x200005ef                USBDevice
 .bss._usbSetInterface
                0x200005f0        0x4 C:\TrainDepotSource\Controller\TrainController\ArduinoCore\Debug\libArduinoCore.a(USBCore.o)
                0x200005f0                _usbSetInterface
 .bss._ZL10rxLEDPulse
                0x200005f4        0x1 C:\TrainDepotSource\Controller\TrainController\ArduinoCore\Debug\libArduinoCore.a(USBCore.o)
 *fill*         0x200005f5        0x3 
 .bss.usbd      0x200005f8      0x104 C:\TrainDepotSource\Controller\TrainController\ArduinoCore\Debug\libArduinoCore.a(USBCore.o)
                0x200005f8                usbd
 .bss._usbConfiguration
                0x200006fc        0x4 C:\TrainDepotSource\Controller\TrainController\ArduinoCore\Debug\libArduinoCore.a(USBCore.o)
                0x200006fc                _usbConfiguration
 .bss.Serial    0x20000700       0x60 C:\TrainDepotSource\Controller\TrainController\ArduinoCore\Debug\libArduinoCore.a(variant.o)
                0x20000700                Serial
 .bss.Serial1   0x20000760       0x60 C:\TrainDepotSource\Controller\TrainController\ArduinoCore\Debug\libArduinoCore.a(variant.o)
                0x20000760                Serial1
 .bss.sercom0   0x200007c0        0x4 C:\TrainDepotSource\Controller\TrainController\ArduinoCore\Debug\libArduinoCore.a(variant.o)
                0x200007c0                sercom0
 .bss.sercom1   0x200007c4        0x4 C:\TrainDepotSource\Controller\TrainController\ArduinoCore\Debug\libArduinoCore.a(variant.o)
                0x200007c4                sercom1
 .bss.sercom2   0x200007c8        0x4 C:\TrainDepotSource\Controller\TrainController\ArduinoCore\Debug\libArduinoCore.a(variant.o)
                0x200007c8                sercom2
 .bss.sercom3   0x200007cc        0x4 C:\TrainDepotSource\Controller\TrainController\ArduinoCore\Debug\libArduinoCore.a(variant.o)
                0x200007cc                sercom3
 .bss.sercom4   0x200007d0        0x4 C:\TrainDepotSource\Controller\TrainController\ArduinoCore\Debug\libArduinoCore.a(variant.o)
                0x200007d0                sercom4
 .bss.sercom5   0x200007d4        0x4 C:\TrainDepotSource\Controller\TrainController\ArduinoCore\Debug\libArduinoCore.a(variant.o)
                0x200007d4                sercom5
 .bss._ZZ12PluggableUSBvE3obj
                0x200007d8        0x8 C:\TrainDepotSource\Controller\TrainController\ArduinoCore\Debug\libArduinoCore.a(PluggableUSB.o)
 .bss._ZGVZ12PluggableUSBvE3obj
                0x200007e0        0x4 C:\TrainDepotSource\Controller\TrainController\ArduinoCore\Debug\libArduinoCore.a(PluggableUSB.o)
 .bss.__malloc_sbrk_start
                0x200007e4        0x4 c:/program files (x86)/atmel/studio/7.0/toolchain/arm/arm-gnu-toolchain/bin/../lib/gcc/arm-none-eabi/5.3.1/../../../../arm-none-eabi/lib/armv6-m\libc_nano.a(lib_a-nano-mallocr.o)
                0x200007e4                __malloc_sbrk_start
 .bss.__malloc_free_list
                0x200007e8        0x4 c:/program files (x86)/atmel/studio/7.0/toolchain/arm/arm-gnu-toolchain/bin/../lib/gcc/arm-none-eabi/5.3.1/../../../../arm-none-eabi/lib/armv6-m\libc_nano.a(lib_a-nano-mallocr.o)
                0x200007e8                __malloc_free_list
 .bss.heap_end.4167
                0x200007ec        0x4 c:/program files (x86)/atmel/studio/7.0/toolchain/arm/arm-gnu-toolchain/bin/../lib/gcc/arm-none-eabi/5.3.1/../../../../arm-none-eabi/lib/armv6-m\libnosys.a(sbrk.o)
 *(COMMON)
 COMMON         0x200007f0        0x4 c:/program files (x86)/atmel/studio/7.0/toolchain/arm/arm-gnu-toolchain/bin/../lib/gcc/arm-none-eabi/5.3.1/../../../../arm-none-eabi/lib/armv6-m\libc_nano.a(lib_a-reent.o)
                0x200007f0                errno
                0x200007f4                . = ALIGN (0x4)
                0x200007f4                __bss_end__ = .

.heap           0x200007f4        0x0
                0x200007f4                __end__ = .
                0x200007f4                PROVIDE (end, .)
 *(.heap*)
                0x200007f4                __HeapLimit = .

.stack_dummy    0x200007f4        0x0
 *(.stack*)
                0x20008000                __StackTop = (ORIGIN (RAM) + LENGTH (RAM))
                0x20008000                __StackLimit = (__StackTop - SIZEOF (.stack_dummy))
                0x20008000                PROVIDE (__stack, __StackTop)
                0x20007fff                __ram_end__ = ((ORIGIN (RAM) + LENGTH (RAM)) - 0x1)
                0x00000001                ASSERT ((__StackLimit >= __HeapLimit), region RAM overflowed with stack)
OUTPUT(SerialCallResponse1.elf elf32-littlearm)

.ARM.attributes
                0x00000000       0x28
 .ARM.attributes
                0x00000000       0x1e c:/program files (x86)/atmel/studio/7.0/toolchain/arm/arm-gnu-toolchain/bin/../lib/gcc/arm-none-eabi/5.3.1/armv6-m/crti.o
 .ARM.attributes
                0x0000001e       0x2c c:/program files (x86)/atmel/studio/7.0/toolchain/arm/arm-gnu-toolchain/bin/../lib/gcc/arm-none-eabi/5.3.1/armv6-m/crtbegin.o
 .ARM.attributes
                0x0000004a       0x32 Sketch.o
 .ARM.attributes
                0x0000007c       0x32 C:\TrainDepotSource\Controller\TrainController\ArduinoCore\Debug\libArduinoCore.a(cortex_handlers.o)
 .ARM.attributes
                0x000000ae       0x32 C:\TrainDepotSource\Controller\TrainController\ArduinoCore\Debug\libArduinoCore.a(delay.o)
 .ARM.attributes
                0x000000e0       0x32 C:\TrainDepotSource\Controller\TrainController\ArduinoCore\Debug\libArduinoCore.a(hooks.o)
 .ARM.attributes
                0x00000112       0x32 C:\TrainDepotSource\Controller\TrainController\ArduinoCore\Debug\libArduinoCore.a(main.o)
 .ARM.attributes
                0x00000144       0x32 C:\TrainDepotSource\Controller\TrainController\ArduinoCore\Debug\libArduinoCore.a(Reset.o)
 .ARM.attributes
                0x00000176       0x32 C:\TrainDepotSource\Controller\TrainController\ArduinoCore\Debug\libArduinoCore.a(startup.o)
 .ARM.attributes
                0x000001a8       0x32 C:\TrainDepotSource\Controller\TrainController\ArduinoCore\Debug\libArduinoCore.a(CDC.o)
 .ARM.attributes
                0x000001da       0x32 C:\TrainDepotSource\Controller\TrainController\ArduinoCore\Debug\libArduinoCore.a(USBCore.o)
 .ARM.attributes
                0x0000020c       0x32 C:\TrainDepotSource\Controller\TrainController\ArduinoCore\Debug\libArduinoCore.a(wiring.o)
 .ARM.attributes
                0x0000023e       0x32 C:\TrainDepotSource\Controller\TrainController\ArduinoCore\Debug\libArduinoCore.a(wiring_analog.o)
 .ARM.attributes
                0x00000270       0x32 C:\TrainDepotSource\Controller\TrainController\ArduinoCore\Debug\libArduinoCore.a(wiring_digital.o)
 .ARM.attributes
                0x000002a2       0x32 C:\TrainDepotSource\Controller\TrainController\ArduinoCore\Debug\libArduinoCore.a(wiring_private.o)
 .ARM.attributes
                0x000002d4       0x32 C:\TrainDepotSource\Controller\TrainController\ArduinoCore\Debug\libArduinoCore.a(variant.o)
 .ARM.attributes
                0x00000306       0x32 C:\TrainDepotSource\Controller\TrainController\ArduinoCore\Debug\libArduinoCore.a(new.o)
 .ARM.attributes
                0x00000338       0x32 C:\TrainDepotSource\Controller\TrainController\ArduinoCore\Debug\libArduinoCore.a(SERCOM.o)
 .ARM.attributes
                0x0000036a       0x32 C:\TrainDepotSource\Controller\TrainController\ArduinoCore\Debug\libArduinoCore.a(Uart.o)
 .ARM.attributes
                0x0000039c       0x32 C:\TrainDepotSource\Controller\TrainController\ArduinoCore\Debug\libArduinoCore.a(PluggableUSB.o)
 .ARM.attributes
                0x000003ce       0x32 C:\TrainDepotSource\Controller\TrainController\ArduinoCore\Debug\libArduinoCore.a(Print.o)
 .ARM.attributes
                0x00000400       0x32 C:\TrainDepotSource\Controller\TrainController\ArduinoCore\Debug\libArduinoCore.a(RingBuffer.o)
 .ARM.attributes
                0x00000432       0x1e c:/program files (x86)/atmel/studio/7.0/toolchain/arm/arm-gnu-toolchain/bin/../lib/gcc/arm-none-eabi/5.3.1/armv6-m\libgcc.a(_thumb1_case_uqi.o)
 .ARM.attributes
                0x00000450       0x1e c:/program files (x86)/atmel/studio/7.0/toolchain/arm/arm-gnu-toolchain/bin/../lib/gcc/arm-none-eabi/5.3.1/armv6-m\libgcc.a(_udivsi3.o)
 .ARM.attributes
                0x0000046e       0x1e c:/program files (x86)/atmel/studio/7.0/toolchain/arm/arm-gnu-toolchain/bin/../lib/gcc/arm-none-eabi/5.3.1/armv6-m\libgcc.a(_dvmd_tls.o)
 .ARM.attributes
                0x0000048c       0x2c c:/program files (x86)/atmel/studio/7.0/toolchain/arm/arm-gnu-toolchain/bin/../lib/gcc/arm-none-eabi/5.3.1/../../../../arm-none-eabi/lib/armv6-m\libc_nano.a(lib_a-impure.o)
 .ARM.attributes
                0x000004b8       0x2c c:/program files (x86)/atmel/studio/7.0/toolchain/arm/arm-gnu-toolchain/bin/../lib/gcc/arm-none-eabi/5.3.1/../../../../arm-none-eabi/lib/armv6-m\libc_nano.a(lib_a-init.o)
 .ARM.attributes
                0x000004e4       0x2c c:/program files (x86)/atmel/studio/7.0/toolchain/arm/arm-gnu-toolchain/bin/../lib/gcc/arm-none-eabi/5.3.1/../../../../arm-none-eabi/lib/armv6-m\libc_nano.a(lib_a-malloc.o)
 .ARM.attributes
                0x00000510       0x2c c:/program files (x86)/atmel/studio/7.0/toolchain/arm/arm-gnu-toolchain/bin/../lib/gcc/arm-none-eabi/5.3.1/../../../../arm-none-eabi/lib/armv6-m\libc_nano.a(lib_a-memcpy-stub.o)
 .ARM.attributes
                0x0000053c       0x2c c:/program files (x86)/atmel/studio/7.0/toolchain/arm/arm-gnu-toolchain/bin/../lib/gcc/arm-none-eabi/5.3.1/../../../../arm-none-eabi/lib/armv6-m\libc_nano.a(lib_a-memset.o)
 .ARM.attributes
                0x00000568       0x2c c:/program files (x86)/atmel/studio/7.0/toolchain/arm/arm-gnu-toolchain/bin/../lib/gcc/arm-none-eabi/5.3.1/../../../../arm-none-eabi/lib/armv6-m\libc_nano.a(lib_a-nano-mallocr.o)
 .ARM.attributes
                0x00000594       0x2c c:/program files (x86)/atmel/studio/7.0/toolchain/arm/arm-gnu-toolchain/bin/../lib/gcc/arm-none-eabi/5.3.1/../../../../arm-none-eabi/lib/armv6-m\libc_nano.a(lib_a-sbrkr.o)
 .ARM.attributes
                0x000005c0       0x1c c:/program files (x86)/atmel/studio/7.0/toolchain/arm/arm-gnu-toolchain/bin/../lib/gcc/arm-none-eabi/5.3.1/../../../../arm-none-eabi/lib/armv6-m\libc_nano.a(lib_a-strlen.o)
 .ARM.attributes
                0x000005dc       0x2c c:/program files (x86)/atmel/studio/7.0/toolchain/arm/arm-gnu-toolchain/bin/../lib/gcc/arm-none-eabi/5.3.1/../../../../arm-none-eabi/lib/armv6-m\libc_nano.a(lib_a-reent.o)
 .ARM.attributes
                0x00000608       0x2c c:/program files (x86)/atmel/studio/7.0/toolchain/arm/arm-gnu-toolchain/bin/../lib/gcc/arm-none-eabi/5.3.1/../../../../arm-none-eabi/lib/armv6-m\libnosys.a(sbrk.o)
 .ARM.attributes
                0x00000634       0x2c c:/program files (x86)/atmel/studio/7.0/toolchain/arm/arm-gnu-toolchain/bin/../lib/gcc/arm-none-eabi/5.3.1/armv6-m/crtend.o
 .ARM.attributes
                0x00000660       0x1e c:/program files (x86)/atmel/studio/7.0/toolchain/arm/arm-gnu-toolchain/bin/../lib/gcc/arm-none-eabi/5.3.1/armv6-m/crtn.o

.comment        0x00000000       0x59
 .comment       0x00000000       0x59 Sketch.o
                                 0x5a (size before relaxing)
 .comment       0x00000059       0x5a C:\TrainDepotSource\Controller\TrainController\ArduinoCore\Debug\libArduinoCore.a(cortex_handlers.o)
 .comment       0x00000059       0x5a C:\TrainDepotSource\Controller\TrainController\ArduinoCore\Debug\libArduinoCore.a(delay.o)
 .comment       0x00000059       0x5a C:\TrainDepotSource\Controller\TrainController\ArduinoCore\Debug\libArduinoCore.a(hooks.o)
 .comment       0x00000059       0x5a C:\TrainDepotSource\Controller\TrainController\ArduinoCore\Debug\libArduinoCore.a(main.o)
 .comment       0x00000059       0x5a C:\TrainDepotSource\Controller\TrainController\ArduinoCore\Debug\libArduinoCore.a(Reset.o)
 .comment       0x00000059       0x5a C:\TrainDepotSource\Controller\TrainController\ArduinoCore\Debug\libArduinoCore.a(startup.o)
 .comment       0x00000059       0x5a C:\TrainDepotSource\Controller\TrainController\ArduinoCore\Debug\libArduinoCore.a(CDC.o)
 .comment       0x00000059       0x5a C:\TrainDepotSource\Controller\TrainController\ArduinoCore\Debug\libArduinoCore.a(USBCore.o)
 .comment       0x00000059       0x5a C:\TrainDepotSource\Controller\TrainController\ArduinoCore\Debug\libArduinoCore.a(wiring.o)
 .comment       0x00000059       0x5a C:\TrainDepotSource\Controller\TrainController\ArduinoCore\Debug\libArduinoCore.a(wiring_analog.o)
 .comment       0x00000059       0x5a C:\TrainDepotSource\Controller\TrainController\ArduinoCore\Debug\libArduinoCore.a(wiring_digital.o)
 .comment       0x00000059       0x5a C:\TrainDepotSource\Controller\TrainController\ArduinoCore\Debug\libArduinoCore.a(wiring_private.o)
 .comment       0x00000059       0x5a C:\TrainDepotSource\Controller\TrainController\ArduinoCore\Debug\libArduinoCore.a(variant.o)
 .comment       0x00000059       0x5a C:\TrainDepotSource\Controller\TrainController\ArduinoCore\Debug\libArduinoCore.a(new.o)
 .comment       0x00000059       0x5a C:\TrainDepotSource\Controller\TrainController\ArduinoCore\Debug\libArduinoCore.a(SERCOM.o)
 .comment       0x00000059       0x5a C:\TrainDepotSource\Controller\TrainController\ArduinoCore\Debug\libArduinoCore.a(Uart.o)
 .comment       0x00000059       0x5a C:\TrainDepotSource\Controller\TrainController\ArduinoCore\Debug\libArduinoCore.a(PluggableUSB.o)
 .comment       0x00000059       0x5a C:\TrainDepotSource\Controller\TrainController\ArduinoCore\Debug\libArduinoCore.a(Print.o)
 .comment       0x00000059       0x5a C:\TrainDepotSource\Controller\TrainController\ArduinoCore\Debug\libArduinoCore.a(RingBuffer.o)

.debug_info     0x00000000    0x29b0e
 .debug_info    0x00000000      0x344 Sketch.o
 .debug_info    0x00000344      0x57c C:\TrainDepotSource\Controller\TrainController\ArduinoCore\Debug\libArduinoCore.a(cortex_handlers.o)
 .debug_info    0x000008c0      0x3a5 C:\TrainDepotSource\Controller\TrainController\ArduinoCore\Debug\libArduinoCore.a(delay.o)
 .debug_info    0x00000c65       0x73 C:\TrainDepotSource\Controller\TrainController\ArduinoCore\Debug\libArduinoCore.a(hooks.o)
 .debug_info    0x00000cd8      0x8a4 C:\TrainDepotSource\Controller\TrainController\ArduinoCore\Debug\libArduinoCore.a(main.o)
 .debug_info    0x0000157c      0x91d C:\TrainDepotSource\Controller\TrainController\ArduinoCore\Debug\libArduinoCore.a(Reset.o)
 .debug_info    0x00001e99     0x2bf2 C:\TrainDepotSource\Controller\TrainController\ArduinoCore\Debug\libArduinoCore.a(startup.o)
 .debug_info    0x00004a8b     0x2f7f C:\TrainDepotSource\Controller\TrainController\ArduinoCore\Debug\libArduinoCore.a(CDC.o)
 .debug_info    0x00007a0a     0x82b1 C:\TrainDepotSource\Controller\TrainController\ArduinoCore\Debug\libArduinoCore.a(USBCore.o)
 .debug_info    0x0000fcbb     0x1f84 C:\TrainDepotSource\Controller\TrainController\ArduinoCore\Debug\libArduinoCore.a(wiring.o)
 .debug_info    0x00011c3f     0x483e C:\TrainDepotSource\Controller\TrainController\ArduinoCore\Debug\libArduinoCore.a(wiring_analog.o)
 .debug_info    0x0001647d      0xc33 C:\TrainDepotSource\Controller\TrainController\ArduinoCore\Debug\libArduinoCore.a(wiring_digital.o)
 .debug_info    0x000170b0      0xc12 C:\TrainDepotSource\Controller\TrainController\ArduinoCore\Debug\libArduinoCore.a(wiring_private.o)
 .debug_info    0x00017cc2     0x5c3d C:\TrainDepotSource\Controller\TrainController\ArduinoCore\Debug\libArduinoCore.a(variant.o)
 .debug_info    0x0001d8ff      0x15d C:\TrainDepotSource\Controller\TrainController\ArduinoCore\Debug\libArduinoCore.a(new.o)
 .debug_info    0x0001da5c     0x3e14 C:\TrainDepotSource\Controller\TrainController\ArduinoCore\Debug\libArduinoCore.a(SERCOM.o)
 .debug_info    0x00021870     0x4e3e C:\TrainDepotSource\Controller\TrainController\ArduinoCore\Debug\libArduinoCore.a(Uart.o)
 .debug_info    0x000266ae      0x7b5 C:\TrainDepotSource\Controller\TrainController\ArduinoCore\Debug\libArduinoCore.a(PluggableUSB.o)
 .debug_info    0x00026e63     0x285a C:\TrainDepotSource\Controller\TrainController\ArduinoCore\Debug\libArduinoCore.a(Print.o)
 .debug_info    0x000296bd      0x451 C:\TrainDepotSource\Controller\TrainController\ArduinoCore\Debug\libArduinoCore.a(RingBuffer.o)

.debug_abbrev   0x00000000     0x3e18
 .debug_abbrev  0x00000000      0x1a1 Sketch.o
 .debug_abbrev  0x000001a1      0x186 C:\TrainDepotSource\Controller\TrainController\ArduinoCore\Debug\libArduinoCore.a(cortex_handlers.o)
 .debug_abbrev  0x00000327      0x14c C:\TrainDepotSource\Controller\TrainController\ArduinoCore\Debug\libArduinoCore.a(delay.o)
 .debug_abbrev  0x00000473       0x65 C:\TrainDepotSource\Controller\TrainController\ArduinoCore\Debug\libArduinoCore.a(hooks.o)
 .debug_abbrev  0x000004d8      0x276 C:\TrainDepotSource\Controller\TrainController\ArduinoCore\Debug\libArduinoCore.a(main.o)
 .debug_abbrev  0x0000074e      0x2c7 C:\TrainDepotSource\Controller\TrainController\ArduinoCore\Debug\libArduinoCore.a(Reset.o)
 .debug_abbrev  0x00000a15      0x18c C:\TrainDepotSource\Controller\TrainController\ArduinoCore\Debug\libArduinoCore.a(startup.o)
 .debug_abbrev  0x00000ba1      0x65c C:\TrainDepotSource\Controller\TrainController\ArduinoCore\Debug\libArduinoCore.a(CDC.o)
 .debug_abbrev  0x000011fd      0x923 C:\TrainDepotSource\Controller\TrainController\ArduinoCore\Debug\libArduinoCore.a(USBCore.o)
 .debug_abbrev  0x00001b20      0x255 C:\TrainDepotSource\Controller\TrainController\ArduinoCore\Debug\libArduinoCore.a(wiring.o)
 .debug_abbrev  0x00001d75      0x3b3 C:\TrainDepotSource\Controller\TrainController\ArduinoCore\Debug\libArduinoCore.a(wiring_analog.o)
 .debug_abbrev  0x00002128      0x22d C:\TrainDepotSource\Controller\TrainController\ArduinoCore\Debug\libArduinoCore.a(wiring_digital.o)
 .debug_abbrev  0x00002355      0x232 C:\TrainDepotSource\Controller\TrainController\ArduinoCore\Debug\libArduinoCore.a(wiring_private.o)
 .debug_abbrev  0x00002587      0x391 C:\TrainDepotSource\Controller\TrainController\ArduinoCore\Debug\libArduinoCore.a(variant.o)
 .debug_abbrev  0x00002918       0xd5 C:\TrainDepotSource\Controller\TrainController\ArduinoCore\Debug\libArduinoCore.a(new.o)
 .debug_abbrev  0x000029ed      0x513 C:\TrainDepotSource\Controller\TrainController\ArduinoCore\Debug\libArduinoCore.a(SERCOM.o)
 .debug_abbrev  0x00002f00      0x523 C:\TrainDepotSource\Controller\TrainController\ArduinoCore\Debug\libArduinoCore.a(Uart.o)
 .debug_abbrev  0x00003423      0x349 C:\TrainDepotSource\Controller\TrainController\ArduinoCore\Debug\libArduinoCore.a(PluggableUSB.o)
 .debug_abbrev  0x0000376c      0x4b0 C:\TrainDepotSource\Controller\TrainController\ArduinoCore\Debug\libArduinoCore.a(Print.o)
 .debug_abbrev  0x00003c1c      0x1fc C:\TrainDepotSource\Controller\TrainController\ArduinoCore\Debug\libArduinoCore.a(RingBuffer.o)

.debug_loc      0x00000000     0x6b5a
 .debug_loc     0x00000000       0x40 Sketch.o
 .debug_loc     0x00000040       0xb7 C:\TrainDepotSource\Controller\TrainController\ArduinoCore\Debug\libArduinoCore.a(cortex_handlers.o)
 .debug_loc     0x000000f7      0x148 C:\TrainDepotSource\Controller\TrainController\ArduinoCore\Debug\libArduinoCore.a(delay.o)
 .debug_loc     0x0000023f       0x20 C:\TrainDepotSource\Controller\TrainController\ArduinoCore\Debug\libArduinoCore.a(main.o)
 .debug_loc     0x0000025f       0x20 C:\TrainDepotSource\Controller\TrainController\ArduinoCore\Debug\libArduinoCore.a(Reset.o)
 .debug_loc     0x0000027f       0x4e C:\TrainDepotSource\Controller\TrainController\ArduinoCore\Debug\libArduinoCore.a(startup.o)
 .debug_loc     0x000002cd      0x6fd C:\TrainDepotSource\Controller\TrainController\ArduinoCore\Debug\libArduinoCore.a(CDC.o)
 .debug_loc     0x000009ca     0x2b37 C:\TrainDepotSource\Controller\TrainController\ArduinoCore\Debug\libArduinoCore.a(USBCore.o)
 .debug_loc     0x00003501       0xd7 C:\TrainDepotSource\Controller\TrainController\ArduinoCore\Debug\libArduinoCore.a(wiring.o)
 .debug_loc     0x000035d8      0x582 C:\TrainDepotSource\Controller\TrainController\ArduinoCore\Debug\libArduinoCore.a(wiring_analog.o)
 .debug_loc     0x00003b5a      0x181 C:\TrainDepotSource\Controller\TrainController\ArduinoCore\Debug\libArduinoCore.a(wiring_digital.o)
 .debug_loc     0x00003cdb      0x16a C:\TrainDepotSource\Controller\TrainController\ArduinoCore\Debug\libArduinoCore.a(wiring_private.o)
 .debug_loc     0x00003e45       0x8a C:\TrainDepotSource\Controller\TrainController\ArduinoCore\Debug\libArduinoCore.a(variant.o)
 .debug_loc     0x00003ecf       0x82 C:\TrainDepotSource\Controller\TrainController\ArduinoCore\Debug\libArduinoCore.a(new.o)
 .debug_loc     0x00003f51      0xc99 C:\TrainDepotSource\Controller\TrainController\ArduinoCore\Debug\libArduinoCore.a(SERCOM.o)
 .debug_loc     0x00004bea      0x592 C:\TrainDepotSource\Controller\TrainController\ArduinoCore\Debug\libArduinoCore.a(Uart.o)
 .debug_loc     0x0000517c      0x30b C:\TrainDepotSource\Controller\TrainController\ArduinoCore\Debug\libArduinoCore.a(PluggableUSB.o)
 .debug_loc     0x00005487     0x1520 C:\TrainDepotSource\Controller\TrainController\ArduinoCore\Debug\libArduinoCore.a(Print.o)
 .debug_loc     0x000069a7      0x1b3 C:\TrainDepotSource\Controller\TrainController\ArduinoCore\Debug\libArduinoCore.a(RingBuffer.o)

.debug_aranges  0x00000000      0x868
 .debug_aranges
                0x00000000       0x28 Sketch.o
 .debug_aranges
                0x00000028       0x40 C:\TrainDepotSource\Controller\TrainController\ArduinoCore\Debug\libArduinoCore.a(cortex_handlers.o)
 .debug_aranges
                0x00000068       0x38 C:\TrainDepotSource\Controller\TrainController\ArduinoCore\Debug\libArduinoCore.a(delay.o)
 .debug_aranges
                0x000000a0       0x30 C:\TrainDepotSource\Controller\TrainController\ArduinoCore\Debug\libArduinoCore.a(hooks.o)
 .debug_aranges
                0x000000d0       0x28 C:\TrainDepotSource\Controller\TrainController\ArduinoCore\Debug\libArduinoCore.a(main.o)
 .debug_aranges
                0x000000f8       0x30 C:\TrainDepotSource\Controller\TrainController\ArduinoCore\Debug\libArduinoCore.a(Reset.o)
 .debug_aranges
                0x00000128       0x20 C:\TrainDepotSource\Controller\TrainController\ArduinoCore\Debug\libArduinoCore.a(startup.o)
 .debug_aranges
                0x00000148       0xd8 C:\TrainDepotSource\Controller\TrainController\ArduinoCore\Debug\libArduinoCore.a(CDC.o)
 .debug_aranges
                0x00000220      0x158 C:\TrainDepotSource\Controller\TrainController\ArduinoCore\Debug\libArduinoCore.a(USBCore.o)
 .debug_aranges
                0x00000378       0x20 C:\TrainDepotSource\Controller\TrainController\ArduinoCore\Debug\libArduinoCore.a(wiring.o)
 .debug_aranges
                0x00000398       0x48 C:\TrainDepotSource\Controller\TrainController\ArduinoCore\Debug\libArduinoCore.a(wiring_analog.o)
 .debug_aranges
                0x000003e0       0x30 C:\TrainDepotSource\Controller\TrainController\ArduinoCore\Debug\libArduinoCore.a(wiring_digital.o)
 .debug_aranges
                0x00000410       0x20 C:\TrainDepotSource\Controller\TrainController\ArduinoCore\Debug\libArduinoCore.a(wiring_private.o)
 .debug_aranges
                0x00000430       0x30 C:\TrainDepotSource\Controller\TrainController\ArduinoCore\Debug\libArduinoCore.a(variant.o)
 .debug_aranges
                0x00000460       0x28 C:\TrainDepotSource\Controller\TrainController\ArduinoCore\Debug\libArduinoCore.a(new.o)
 .debug_aranges
                0x00000488      0x1c8 C:\TrainDepotSource\Controller\TrainController\ArduinoCore\Debug\libArduinoCore.a(SERCOM.o)
 .debug_aranges
                0x00000650       0x90 C:\TrainDepotSource\Controller\TrainController\ArduinoCore\Debug\libArduinoCore.a(Uart.o)
 .debug_aranges
                0x000006e0       0x50 C:\TrainDepotSource\Controller\TrainController\ArduinoCore\Debug\libArduinoCore.a(PluggableUSB.o)
 .debug_aranges
                0x00000730       0xe0 C:\TrainDepotSource\Controller\TrainController\ArduinoCore\Debug\libArduinoCore.a(Print.o)
 .debug_aranges
                0x00000810       0x58 C:\TrainDepotSource\Controller\TrainController\ArduinoCore\Debug\libArduinoCore.a(RingBuffer.o)

.debug_ranges   0x00000000      0xf18
 .debug_ranges  0x00000000       0x18 Sketch.o
 .debug_ranges  0x00000018       0x30 C:\TrainDepotSource\Controller\TrainController\ArduinoCore\Debug\libArduinoCore.a(cortex_handlers.o)
 .debug_ranges  0x00000048       0x28 C:\TrainDepotSource\Controller\TrainController\ArduinoCore\Debug\libArduinoCore.a(delay.o)
 .debug_ranges  0x00000070       0x20 C:\TrainDepotSource\Controller\TrainController\ArduinoCore\Debug\libArduinoCore.a(hooks.o)
 .debug_ranges  0x00000090       0x18 C:\TrainDepotSource\Controller\TrainController\ArduinoCore\Debug\libArduinoCore.a(main.o)
 .debug_ranges  0x000000a8       0x20 C:\TrainDepotSource\Controller\TrainController\ArduinoCore\Debug\libArduinoCore.a(Reset.o)
 .debug_ranges  0x000000c8       0x10 C:\TrainDepotSource\Controller\TrainController\ArduinoCore\Debug\libArduinoCore.a(startup.o)
 .debug_ranges  0x000000d8       0xf8 C:\TrainDepotSource\Controller\TrainController\ArduinoCore\Debug\libArduinoCore.a(CDC.o)
 .debug_ranges  0x000001d0      0x728 C:\TrainDepotSource\Controller\TrainController\ArduinoCore\Debug\libArduinoCore.a(USBCore.o)
 .debug_ranges  0x000008f8       0x58 C:\TrainDepotSource\Controller\TrainController\ArduinoCore\Debug\libArduinoCore.a(wiring.o)
 .debug_ranges  0x00000950       0x80 C:\TrainDepotSource\Controller\TrainController\ArduinoCore\Debug\libArduinoCore.a(wiring_analog.o)
 .debug_ranges  0x000009d0       0x20 C:\TrainDepotSource\Controller\TrainController\ArduinoCore\Debug\libArduinoCore.a(wiring_digital.o)
 .debug_ranges  0x000009f0       0x28 C:\TrainDepotSource\Controller\TrainController\ArduinoCore\Debug\libArduinoCore.a(wiring_private.o)
 .debug_ranges  0x00000a18       0x20 C:\TrainDepotSource\Controller\TrainController\ArduinoCore\Debug\libArduinoCore.a(variant.o)
 .debug_ranges  0x00000a38       0x18 C:\TrainDepotSource\Controller\TrainController\ArduinoCore\Debug\libArduinoCore.a(new.o)
 .debug_ranges  0x00000a50      0x218 C:\TrainDepotSource\Controller\TrainController\ArduinoCore\Debug\libArduinoCore.a(SERCOM.o)
 .debug_ranges  0x00000c68       0x80 C:\TrainDepotSource\Controller\TrainController\ArduinoCore\Debug\libArduinoCore.a(Uart.o)
 .debug_ranges  0x00000ce8       0x70 C:\TrainDepotSource\Controller\TrainController\ArduinoCore\Debug\libArduinoCore.a(PluggableUSB.o)
 .debug_ranges  0x00000d58      0x148 C:\TrainDepotSource\Controller\TrainController\ArduinoCore\Debug\libArduinoCore.a(Print.o)
 .debug_ranges  0x00000ea0       0x78 C:\TrainDepotSource\Controller\TrainController\ArduinoCore\Debug\libArduinoCore.a(RingBuffer.o)

.debug_macro    0x00000000    0x1b119
 .debug_macro   0x00000000      0x628 Sketch.o
 .debug_macro   0x00000628      0x8fe Sketch.o
 .debug_macro   0x00000f26       0x16 Sketch.o
 .debug_macro   0x00000f3c       0x1c Sketch.o
 .debug_macro   0x00000f58       0x22 Sketch.o
 .debug_macro   0x00000f7a       0x87 Sketch.o
 .debug_macro   0x00001001       0x44 Sketch.o
 .debug_macro   0x00001045       0xfd Sketch.o
 .debug_macro   0x00001142       0x22 Sketch.o
 .debug_macro   0x00001164      0x1df Sketch.o
 .debug_macro   0x00001343       0x52 Sketch.o
 .debug_macro   0x00001395       0x35 Sketch.o
 .debug_macro   0x000013ca       0x9c Sketch.o
 .debug_macro   0x00001466       0x16 Sketch.o
 .debug_macro   0x0000147c      0x10e Sketch.o
 .debug_macro   0x0000158a       0x94 Sketch.o
 .debug_macro   0x0000161e       0x52 Sketch.o
 .debug_macro   0x00001670       0x16 Sketch.o
 .debug_macro   0x00001686       0x43 Sketch.o
 .debug_macro   0x000016c9      0x187 Sketch.o
 .debug_macro   0x00001850      0x337 Sketch.o
 .debug_macro   0x00001b87       0x16 Sketch.o
 .debug_macro   0x00001b9d       0x29 Sketch.o
 .debug_macro   0x00001bc6       0x16 Sketch.o
 .debug_macro   0x00001bdc       0x35 Sketch.o
 .debug_macro   0x00001c11      0x1da Sketch.o
 .debug_macro   0x00001deb       0x10 Sketch.o
 .debug_macro   0x00001dfb      0x45d Sketch.o
 .debug_macro   0x00002258      0x190 Sketch.o
 .debug_macro   0x000023e8       0x1c Sketch.o
 .debug_macro   0x00002404      0xd93 Sketch.o
 .debug_macro   0x00003197      0x2e6 Sketch.o
 .debug_macro   0x0000347d       0x40 Sketch.o
 .debug_macro   0x000034bd       0x3a Sketch.o
 .debug_macro   0x000034f7       0x1f Sketch.o
 .debug_macro   0x00003516      0x250 Sketch.o
 .debug_macro   0x00003766      0x682 Sketch.o
 .debug_macro   0x00003de8      0x8bf Sketch.o
 .debug_macro   0x000046a7      0x235 Sketch.o
 .debug_macro   0x000048dc      0xd6a Sketch.o
 .debug_macro   0x00005646      0x4ce Sketch.o
 .debug_macro   0x00005b14      0x9f8 Sketch.o
 .debug_macro   0x0000650c      0x82b Sketch.o
 .debug_macro   0x00006d37      0x45f Sketch.o
 .debug_macro   0x00007196       0x5e Sketch.o
 .debug_macro   0x000071f4      0x906 Sketch.o
 .debug_macro   0x00007afa      0x225 Sketch.o
 .debug_macro   0x00007d1f      0x797 Sketch.o
 .debug_macro   0x000084b6       0x5e Sketch.o
 .debug_macro   0x00008514      0x634 Sketch.o
 .debug_macro   0x00008b48      0x3b6 Sketch.o
 .debug_macro   0x00008efe      0xc55 Sketch.o
 .debug_macro   0x00009b53     0x1092 Sketch.o
 .debug_macro   0x0000abe5      0xc4a Sketch.o
 .debug_macro   0x0000b82f      0x6bf Sketch.o
 .debug_macro   0x0000beee     0x1b4b Sketch.o
 .debug_macro   0x0000da39     0x144a Sketch.o
 .debug_macro   0x0000ee83      0x34e Sketch.o
 .debug_macro   0x0000f1d1       0x7c Sketch.o
 .debug_macro   0x0000f24d       0xa0 Sketch.o
 .debug_macro   0x0000f2ed       0x4c Sketch.o
 .debug_macro   0x0000f339       0xca Sketch.o
 .debug_macro   0x0000f403       0x94 Sketch.o
 .debug_macro   0x0000f497       0x58 Sketch.o
 .debug_macro   0x0000f4ef      0x364 Sketch.o
 .debug_macro   0x0000f853       0x82 Sketch.o
 .debug_macro   0x0000f8d5      0x197 Sketch.o
 .debug_macro   0x0000fa6c       0xb8 Sketch.o
 .debug_macro   0x0000fb24       0xa0 Sketch.o
 .debug_macro   0x0000fbc4       0xb2 Sketch.o
 .debug_macro   0x0000fc76       0x1c Sketch.o
 .debug_macro   0x0000fc92       0x1c Sketch.o
 .debug_macro   0x0000fcae       0x1c Sketch.o
 .debug_macro   0x0000fcca       0x7c Sketch.o
 .debug_macro   0x0000fd46      0x161 Sketch.o
 .debug_macro   0x0000fea7       0xdc Sketch.o
 .debug_macro   0x0000ff83      0x12f Sketch.o
 .debug_macro   0x000100b2      0x12f Sketch.o
 .debug_macro   0x000101e1      0x12f Sketch.o
 .debug_macro   0x00010310      0x12f Sketch.o
 .debug_macro   0x0001043f      0x12f Sketch.o
 .debug_macro   0x0001056e      0x12f Sketch.o
 .debug_macro   0x0001069d      0x11e Sketch.o
 .debug_macro   0x000107bb       0xe2 Sketch.o
 .debug_macro   0x0001089d       0xe2 Sketch.o
 .debug_macro   0x0001097f       0xe2 Sketch.o
 .debug_macro   0x00010a61      0x12c Sketch.o
 .debug_macro   0x00010b8d      0x100 Sketch.o
 .debug_macro   0x00010c8d       0xf4 Sketch.o
 .debug_macro   0x00010d81      0x40f Sketch.o
 .debug_macro   0x00011190       0x40 Sketch.o
 .debug_macro   0x000111d0      0x361 Sketch.o
 .debug_macro   0x00011531     0x16ea Sketch.o
 .debug_macro   0x00012c1b       0x6d Sketch.o
 .debug_macro   0x00012c88       0x5e Sketch.o
 .debug_macro   0x00012ce6       0x16 Sketch.o
 .debug_macro   0x00012cfc      0x151 Sketch.o
 .debug_macro   0x00012e4d       0x46 Sketch.o
 .debug_macro   0x00012e93       0x10 Sketch.o
 .debug_macro   0x00012ea3       0x1c Sketch.o
 .debug_macro   0x00012ebf       0x10 Sketch.o
 .debug_macro   0x00012ecf       0x22 Sketch.o
 .debug_macro   0x00012ef1       0x3a Sketch.o
 .debug_macro   0x00012f2b       0x10 Sketch.o
 .debug_macro   0x00012f3b       0x40 Sketch.o
 .debug_macro   0x00012f7b       0x6c Sketch.o
 .debug_macro   0x00012fe7       0x16 Sketch.o
 .debug_macro   0x00012ffd      0x182 Sketch.o
 .debug_macro   0x0001317f       0x1c Sketch.o
 .debug_macro   0x0001319b       0x11 Sketch.o
 .debug_macro   0x000131ac       0xe2 Sketch.o
 .debug_macro   0x0001328e       0x1c Sketch.o
 .debug_macro   0x000132aa       0x10 Sketch.o
 .debug_macro   0x000132ba       0x10 Sketch.o
 .debug_macro   0x000132ca      0x136 Sketch.o
 .debug_macro   0x00013400      0x34c Sketch.o
 .debug_macro   0x0001374c      0x185 Sketch.o
 .debug_macro   0x000138d1       0x28 Sketch.o
 .debug_macro   0x000138f9       0x70 Sketch.o
 .debug_macro   0x00013969       0x6a Sketch.o
 .debug_macro   0x000139d3      0x1d3 Sketch.o
 .debug_macro   0x00013ba6       0x2e Sketch.o
 .debug_macro   0x00013bd4      0x17e Sketch.o
 .debug_macro   0x00013d52       0x22 Sketch.o
 .debug_macro   0x00013d74      0x433 C:\TrainDepotSource\Controller\TrainController\ArduinoCore\Debug\libArduinoCore.a(cortex_handlers.o)
 .debug_macro   0x000141a7      0x868 C:\TrainDepotSource\Controller\TrainController\ArduinoCore\Debug\libArduinoCore.a(cortex_handlers.o)
 .debug_macro   0x00014a0f       0x3a C:\TrainDepotSource\Controller\TrainController\ArduinoCore\Debug\libArduinoCore.a(cortex_handlers.o)
 .debug_macro   0x00014a49      0x250 C:\TrainDepotSource\Controller\TrainController\ArduinoCore\Debug\libArduinoCore.a(cortex_handlers.o)
 .debug_macro   0x00014c99       0x9c C:\TrainDepotSource\Controller\TrainController\ArduinoCore\Debug\libArduinoCore.a(cortex_handlers.o)
 .debug_macro   0x00014d35       0x16 C:\TrainDepotSource\Controller\TrainController\ArduinoCore\Debug\libArduinoCore.a(cortex_handlers.o)
 .debug_macro   0x00014d4b       0x97 C:\TrainDepotSource\Controller\TrainController\ArduinoCore\Debug\libArduinoCore.a(cortex_handlers.o)
 .debug_macro   0x00014de2      0x30d C:\TrainDepotSource\Controller\TrainController\ArduinoCore\Debug\libArduinoCore.a(cortex_handlers.o)
 .debug_macro   0x000150ef       0xfd C:\TrainDepotSource\Controller\TrainController\ArduinoCore\Debug\libArduinoCore.a(cortex_handlers.o)
 .debug_macro   0x000151ec       0x43 C:\TrainDepotSource\Controller\TrainController\ArduinoCore\Debug\libArduinoCore.a(cortex_handlers.o)
 .debug_macro   0x0001522f      0x4c7 C:\TrainDepotSource\Controller\TrainController\ArduinoCore\Debug\libArduinoCore.a(delay.o)
 .debug_macro   0x000156f6       0x22 C:\TrainDepotSource\Controller\TrainController\ArduinoCore\Debug\libArduinoCore.a(delay.o)
 .debug_macro   0x00015718      0x10e C:\TrainDepotSource\Controller\TrainController\ArduinoCore\Debug\libArduinoCore.a(delay.o)
 .debug_macro   0x00015826       0x8d C:\TrainDepotSource\Controller\TrainController\ArduinoCore\Debug\libArduinoCore.a(delay.o)
 .debug_macro   0x000158b3       0x35 C:\TrainDepotSource\Controller\TrainController\ArduinoCore\Debug\libArduinoCore.a(delay.o)
 .debug_macro   0x000158e8      0x1e1 C:\TrainDepotSource\Controller\TrainController\ArduinoCore\Debug\libArduinoCore.a(delay.o)
 .debug_macro   0x00015ac9       0x11 C:\TrainDepotSource\Controller\TrainController\ArduinoCore\Debug\libArduinoCore.a(hooks.o)
 .debug_macro   0x00015ada      0x62f C:\TrainDepotSource\Controller\TrainController\ArduinoCore\Debug\libArduinoCore.a(main.o)
 .debug_macro   0x00016109      0x639 C:\TrainDepotSource\Controller\TrainController\ArduinoCore\Debug\libArduinoCore.a(Reset.o)
 .debug_macro   0x00016742      0x457 C:\TrainDepotSource\Controller\TrainController\ArduinoCore\Debug\libArduinoCore.a(startup.o)
 .debug_macro   0x00016b99      0x646 C:\TrainDepotSource\Controller\TrainController\ArduinoCore\Debug\libArduinoCore.a(CDC.o)
 .debug_macro   0x000171df      0x68b C:\TrainDepotSource\Controller\TrainController\ArduinoCore\Debug\libArduinoCore.a(USBCore.o)
 .debug_macro   0x0001786a       0x2b C:\TrainDepotSource\Controller\TrainController\ArduinoCore\Debug\libArduinoCore.a(USBCore.o)
 .debug_macro   0x00017895       0xee C:\TrainDepotSource\Controller\TrainController\ArduinoCore\Debug\libArduinoCore.a(USBCore.o)
 .debug_macro   0x00017983      0x4ba C:\TrainDepotSource\Controller\TrainController\ArduinoCore\Debug\libArduinoCore.a(wiring.o)
 .debug_macro   0x00017e3d      0x19d C:\TrainDepotSource\Controller\TrainController\ArduinoCore\Debug\libArduinoCore.a(wiring.o)
 .debug_macro   0x00017fda      0x559 C:\TrainDepotSource\Controller\TrainController\ArduinoCore\Debug\libArduinoCore.a(wiring_analog.o)
 .debug_macro   0x00018533       0x52 C:\TrainDepotSource\Controller\TrainController\ArduinoCore\Debug\libArduinoCore.a(wiring_analog.o)
 .debug_macro   0x00018585      0x4ba C:\TrainDepotSource\Controller\TrainController\ArduinoCore\Debug\libArduinoCore.a(wiring_digital.o)
 .debug_macro   0x00018a3f      0x559 C:\TrainDepotSource\Controller\TrainController\ArduinoCore\Debug\libArduinoCore.a(wiring_private.o)
 .debug_macro   0x00018f98      0x53a C:\TrainDepotSource\Controller\TrainController\ArduinoCore\Debug\libArduinoCore.a(variant.o)
 .debug_macro   0x000194d2       0x82 C:\TrainDepotSource\Controller\TrainController\ArduinoCore\Debug\libArduinoCore.a(variant.o)
 .debug_macro   0x00019554       0xa2 C:\TrainDepotSource\Controller\TrainController\ArduinoCore\Debug\libArduinoCore.a(variant.o)
 .debug_macro   0x000195f6       0x97 C:\TrainDepotSource\Controller\TrainController\ArduinoCore\Debug\libArduinoCore.a(variant.o)
 .debug_macro   0x0001968d      0x196 C:\TrainDepotSource\Controller\TrainController\ArduinoCore\Debug\libArduinoCore.a(variant.o)
 .debug_macro   0x00019823       0xf1 C:\TrainDepotSource\Controller\TrainController\ArduinoCore\Debug\libArduinoCore.a(new.o)
 .debug_macro   0x00019914       0x4c C:\TrainDepotSource\Controller\TrainController\ArduinoCore\Debug\libArduinoCore.a(new.o)
 .debug_macro   0x00019960       0x8d C:\TrainDepotSource\Controller\TrainController\ArduinoCore\Debug\libArduinoCore.a(new.o)
 .debug_macro   0x000199ed       0x4a C:\TrainDepotSource\Controller\TrainController\ArduinoCore\Debug\libArduinoCore.a(new.o)
 .debug_macro   0x00019a37      0x547 C:\TrainDepotSource\Controller\TrainController\ArduinoCore\Debug\libArduinoCore.a(SERCOM.o)
 .debug_macro   0x00019f7e      0x638 C:\TrainDepotSource\Controller\TrainController\ArduinoCore\Debug\libArduinoCore.a(Uart.o)
 .debug_macro   0x0001a5b6      0x292 C:\TrainDepotSource\Controller\TrainController\ArduinoCore\Debug\libArduinoCore.a(PluggableUSB.o)
 .debug_macro   0x0001a848      0x626 C:\TrainDepotSource\Controller\TrainController\ArduinoCore\Debug\libArduinoCore.a(Print.o)
 .debug_macro   0x0001ae6e      0x120 C:\TrainDepotSource\Controller\TrainController\ArduinoCore\Debug\libArduinoCore.a(RingBuffer.o)
 .debug_macro   0x0001af8e      0x17b C:\TrainDepotSource\Controller\TrainController\ArduinoCore\Debug\libArduinoCore.a(RingBuffer.o)
 .debug_macro   0x0001b109       0x10 C:\TrainDepotSource\Controller\TrainController\ArduinoCore\Debug\libArduinoCore.a(RingBuffer.o)

.debug_line     0x00000000     0xd643
 .debug_line    0x00000000      0xc6b Sketch.o
 .debug_line    0x00000c6b      0x92d C:\TrainDepotSource\Controller\TrainController\ArduinoCore\Debug\libArduinoCore.a(cortex_handlers.o)
 .debug_line    0x00001598      0xa52 C:\TrainDepotSource\Controller\TrainController\ArduinoCore\Debug\libArduinoCore.a(delay.o)
 .debug_line    0x00001fea       0x63 C:\TrainDepotSource\Controller\TrainController\ArduinoCore\Debug\libArduinoCore.a(hooks.o)
 .debug_line    0x0000204d      0xc39 C:\TrainDepotSource\Controller\TrainController\ArduinoCore\Debug\libArduinoCore.a(main.o)
 .debug_line    0x00002c86      0xc8b C:\TrainDepotSource\Controller\TrainController\ArduinoCore\Debug\libArduinoCore.a(Reset.o)
 .debug_line    0x00003911      0x94b C:\TrainDepotSource\Controller\TrainController\ArduinoCore\Debug\libArduinoCore.a(startup.o)
 .debug_line    0x0000425c      0xe64 C:\TrainDepotSource\Controller\TrainController\ArduinoCore\Debug\libArduinoCore.a(CDC.o)
 .debug_line    0x000050c0     0x1699 C:\TrainDepotSource\Controller\TrainController\ArduinoCore\Debug\libArduinoCore.a(USBCore.o)
 .debug_line    0x00006759      0xa47 C:\TrainDepotSource\Controller\TrainController\ArduinoCore\Debug\libArduinoCore.a(wiring.o)
 .debug_line    0x000071a0      0xbf9 C:\TrainDepotSource\Controller\TrainController\ArduinoCore\Debug\libArduinoCore.a(wiring_analog.o)
 .debug_line    0x00007d99      0xa1e C:\TrainDepotSource\Controller\TrainController\ArduinoCore\Debug\libArduinoCore.a(wiring_digital.o)
 .debug_line    0x000087b7      0xa8e C:\TrainDepotSource\Controller\TrainController\ArduinoCore\Debug\libArduinoCore.a(wiring_private.o)
 .debug_line    0x00009245      0xb05 C:\TrainDepotSource\Controller\TrainController\ArduinoCore\Debug\libArduinoCore.a(variant.o)
 .debug_line    0x00009d4a      0x2b8 C:\TrainDepotSource\Controller\TrainController\ArduinoCore\Debug\libArduinoCore.a(new.o)
 .debug_line    0x0000a002      0xfee C:\TrainDepotSource\Controller\TrainController\ArduinoCore\Debug\libArduinoCore.a(SERCOM.o)
 .debug_line    0x0000aff0      0xd88 C:\TrainDepotSource\Controller\TrainController\ArduinoCore\Debug\libArduinoCore.a(Uart.o)
 .debug_line    0x0000bd78      0x687 C:\TrainDepotSource\Controller\TrainController\ArduinoCore\Debug\libArduinoCore.a(PluggableUSB.o)
 .debug_line    0x0000c3ff      0xeae C:\TrainDepotSource\Controller\TrainController\ArduinoCore\Debug\libArduinoCore.a(Print.o)
 .debug_line    0x0000d2ad      0x396 C:\TrainDepotSource\Controller\TrainController\ArduinoCore\Debug\libArduinoCore.a(RingBuffer.o)

.debug_str      0x00000000    0x7eb9f
 .debug_str     0x00000000    0x7621a Sketch.o
                              0x765fa (size before relaxing)
 .debug_str     0x0007621a      0x67b C:\TrainDepotSource\Controller\TrainController\ArduinoCore\Debug\libArduinoCore.a(cortex_handlers.o)
                              0x6e952 (size before relaxing)
 .debug_str     0x00076895       0xdd C:\TrainDepotSource\Controller\TrainController\ArduinoCore\Debug\libArduinoCore.a(delay.o)
                              0x736bd (size before relaxing)
 .debug_str     0x00076972       0x2b C:\TrainDepotSource\Controller\TrainController\ArduinoCore\Debug\libArduinoCore.a(hooks.o)
                               0x2474 (size before relaxing)
 .debug_str     0x0007699d      0x685 C:\TrainDepotSource\Controller\TrainController\ArduinoCore\Debug\libArduinoCore.a(main.o)
                              0x76c0a (size before relaxing)
 .debug_str     0x00077022      0x24b C:\TrainDepotSource\Controller\TrainController\ArduinoCore\Debug\libArduinoCore.a(Reset.o)
                              0x768c8 (size before relaxing)
 .debug_str     0x0007726d      0x90c C:\TrainDepotSource\Controller\TrainController\ArduinoCore\Debug\libArduinoCore.a(startup.o)
                              0x6f17b (size before relaxing)
 .debug_str     0x00077b79     0x16a1 C:\TrainDepotSource\Controller\TrainController\ArduinoCore\Debug\libArduinoCore.a(CDC.o)
                              0x7841c (size before relaxing)
 .debug_str     0x0007921a     0x2beb C:\TrainDepotSource\Controller\TrainController\ArduinoCore\Debug\libArduinoCore.a(USBCore.o)
                              0x7a2f2 (size before relaxing)
 .debug_str     0x0007be05      0x15d C:\TrainDepotSource\Controller\TrainController\ArduinoCore\Debug\libArduinoCore.a(wiring.o)
                              0x73fbd (size before relaxing)
 .debug_str     0x0007bf62      0xc11 C:\TrainDepotSource\Controller\TrainController\ArduinoCore\Debug\libArduinoCore.a(wiring_analog.o)
                              0x75971 (size before relaxing)
 .debug_str     0x0007cb73       0x43 C:\TrainDepotSource\Controller\TrainController\ArduinoCore\Debug\libArduinoCore.a(wiring_digital.o)
                              0x73d6b (size before relaxing)
 .debug_str     0x0007cbb6       0x2f C:\TrainDepotSource\Controller\TrainController\ArduinoCore\Debug\libArduinoCore.a(wiring_private.o)
                              0x74d17 (size before relaxing)
 .debug_str     0x0007cbe5     0x17ca C:\TrainDepotSource\Controller\TrainController\ArduinoCore\Debug\libArduinoCore.a(variant.o)
                              0x74eaf (size before relaxing)
 .debug_str     0x0007e3af       0x49 C:\TrainDepotSource\Controller\TrainController\ArduinoCore\Debug\libArduinoCore.a(new.o)
                               0x5613 (size before relaxing)
 .debug_str     0x0007e3f8      0x16f C:\TrainDepotSource\Controller\TrainController\ArduinoCore\Debug\libArduinoCore.a(SERCOM.o)
                              0x741b9 (size before relaxing)
 .debug_str     0x0007e567      0x227 C:\TrainDepotSource\Controller\TrainController\ArduinoCore\Debug\libArduinoCore.a(Uart.o)
                              0x79a0c (size before relaxing)
 .debug_str     0x0007e78e       0x48 C:\TrainDepotSource\Controller\TrainController\ArduinoCore\Debug\libArduinoCore.a(PluggableUSB.o)
                               0xaf48 (size before relaxing)
 .debug_str     0x0007e7d6      0x39a C:\TrainDepotSource\Controller\TrainController\ArduinoCore\Debug\libArduinoCore.a(Print.o)
                              0x774a8 (size before relaxing)
 .debug_str     0x0007eb70       0x2f C:\TrainDepotSource\Controller\TrainController\ArduinoCore\Debug\libArduinoCore.a(RingBuffer.o)
                               0x6155 (size before relaxing)

.debug_frame    0x00000000     0x15dc
 .debug_frame   0x00000000       0x40 Sketch.o
 .debug_frame   0x00000040       0x7c C:\TrainDepotSource\Controller\TrainController\ArduinoCore\Debug\libArduinoCore.a(cortex_handlers.o)
 .debug_frame   0x000000bc       0x78 C:\TrainDepotSource\Controller\TrainController\ArduinoCore\Debug\libArduinoCore.a(delay.o)
 .debug_frame   0x00000134       0x40 C:\TrainDepotSource\Controller\TrainController\ArduinoCore\Debug\libArduinoCore.a(hooks.o)
 .debug_frame   0x00000174       0x38 C:\TrainDepotSource\Controller\TrainController\ArduinoCore\Debug\libArduinoCore.a(main.o)
 .debug_frame   0x000001ac       0x48 C:\TrainDepotSource\Controller\TrainController\ArduinoCore\Debug\libArduinoCore.a(Reset.o)
 .debug_frame   0x000001f4       0x2c C:\TrainDepotSource\Controller\TrainController\ArduinoCore\Debug\libArduinoCore.a(startup.o)
 .debug_frame   0x00000220      0x1f0 C:\TrainDepotSource\Controller\TrainController\ArduinoCore\Debug\libArduinoCore.a(CDC.o)
 .debug_frame   0x00000410      0x424 C:\TrainDepotSource\Controller\TrainController\ArduinoCore\Debug\libArduinoCore.a(USBCore.o)
 .debug_frame   0x00000834       0x28 C:\TrainDepotSource\Controller\TrainController\ArduinoCore\Debug\libArduinoCore.a(wiring.o)
 .debug_frame   0x0000085c       0x98 C:\TrainDepotSource\Controller\TrainController\ArduinoCore\Debug\libArduinoCore.a(wiring_analog.o)
 .debug_frame   0x000008f4       0x64 C:\TrainDepotSource\Controller\TrainController\ArduinoCore\Debug\libArduinoCore.a(wiring_digital.o)
 .debug_frame   0x00000958       0x30 C:\TrainDepotSource\Controller\TrainController\ArduinoCore\Debug\libArduinoCore.a(wiring_private.o)
 .debug_frame   0x00000988       0x64 C:\TrainDepotSource\Controller\TrainController\ArduinoCore\Debug\libArduinoCore.a(variant.o)
 .debug_frame   0x000009ec       0x70 C:\TrainDepotSource\Controller\TrainController\ArduinoCore\Debug\libArduinoCore.a(new.o)
 .debug_frame   0x00000a5c      0x424 C:\TrainDepotSource\Controller\TrainController\ArduinoCore\Debug\libArduinoCore.a(SERCOM.o)
 .debug_frame   0x00000e80      0x16c C:\TrainDepotSource\Controller\TrainController\ArduinoCore\Debug\libArduinoCore.a(Uart.o)
 .debug_frame   0x00000fec       0xc4 C:\TrainDepotSource\Controller\TrainController\ArduinoCore\Debug\libArduinoCore.a(PluggableUSB.o)
 .debug_frame   0x000010b0      0x2f8 C:\TrainDepotSource\Controller\TrainController\ArduinoCore\Debug\libArduinoCore.a(Print.o)
 .debug_frame   0x000013a8       0xa0 C:\TrainDepotSource\Controller\TrainController\ArduinoCore\Debug\libArduinoCore.a(RingBuffer.o)
 .debug_frame   0x00001448       0x20 c:/program files (x86)/atmel/studio/7.0/toolchain/arm/arm-gnu-toolchain/bin/../lib/gcc/arm-none-eabi/5.3.1/armv6-m\libgcc.a(_udivsi3.o)
 .debug_frame   0x00001468       0x2c c:/program files (x86)/atmel/studio/7.0/toolchain/arm/arm-gnu-toolchain/bin/../lib/gcc/arm-none-eabi/5.3.1/../../../../arm-none-eabi/lib/armv6-m\libc_nano.a(lib_a-init.o)
 .debug_frame   0x00001494       0x40 c:/program files (x86)/atmel/studio/7.0/toolchain/arm/arm-gnu-toolchain/bin/../lib/gcc/arm-none-eabi/5.3.1/../../../../arm-none-eabi/lib/armv6-m\libc_nano.a(lib_a-malloc.o)
 .debug_frame   0x000014d4       0x28 c:/program files (x86)/atmel/studio/7.0/toolchain/arm/arm-gnu-toolchain/bin/../lib/gcc/arm-none-eabi/5.3.1/../../../../arm-none-eabi/lib/armv6-m\libc_nano.a(lib_a-memcpy-stub.o)
 .debug_frame   0x000014fc       0x20 c:/program files (x86)/atmel/studio/7.0/toolchain/arm/arm-gnu-toolchain/bin/../lib/gcc/arm-none-eabi/5.3.1/../../../../arm-none-eabi/lib/armv6-m\libc_nano.a(lib_a-memset.o)
 .debug_frame   0x0000151c       0x2c c:/program files (x86)/atmel/studio/7.0/toolchain/arm/arm-gnu-toolchain/bin/../lib/gcc/arm-none-eabi/5.3.1/../../../../arm-none-eabi/lib/armv6-m\libc_nano.a(lib_a-nano-mallocr.o)